# vsim -coverage -l apb_pstrb.log -c test_bench -voptargs="+cover=bcesft" -assertdebug -do "coverage save -onexit apb_pstrb.ucdb; log -r /*;run -all" 
# Start time: 23:59:08 on Dec 13,2025
# ** Note: (vsim-3812) Design is being optimized...
# //  Questa Intel Starter FPGA Edition-64
# //  Version 2024.3 linux_x86_64 Sep 10 2024
# //
# // Unpublished work. Copyright 2024 Siemens
# //
# // This material contains trade secrets or otherwise confidential information
# // owned by Siemens Industry Software Inc. or its affiliates (collectively,
# // "SISW"), or its licensors. Access to and use of this information is strictly
# // limited as set forth in the Customer's applicable agreements with SISW.
# //
# // This material may not be copied, distributed, or otherwise disclosed outside
# // of the Customer's facilities without the express written permission of SISW,
# // and may not be used in any way not expressly authorized by SISW.
# //
# Loading work.test_bench(fast)
# coverage save -onexit apb_pstrb.ucdb
#  log -r /*
# run -all
# ========================================================
# TESTCASE: CHECK WRITE STROBE
# ========================================================
# ----------------------------------------------------------
# TIME: 326, [INFO] Read data at addr: 12'h00c, data: 32'hffffffff
# ----------------------------------------------------------
# ----------------------------------------------------------
# TIME: 326, [INFO] Write data at addr: 12'h00c, data: 32'hc0895e81, pstrb: 4'b0100
# ----------------------------------------------------------
# ----------------------------------------------------------
# TIME: 726, [INFO] Read data at addr: 12'h00c, data: 32'hff89ffff
# ----------------------------------------------------------
# ----------------------------------------------------------
# [32mTime: 726, PASS data correct | Exp: ff89ffff, Act: ff89ffff[0m
# ----------------------------------------------------------
# ----------------------------------------------------------
# TIME: 926, [INFO] Read data at addr: 12'h00c, data: 32'hff89ffff
# ----------------------------------------------------------
# ----------------------------------------------------------
# TIME: 926, [INFO] Write data at addr: 12'h00c, data: 32'hb1f05663, pstrb: 4'b1001
# ----------------------------------------------------------
# ----------------------------------------------------------
# TIME: 1326, [INFO] Read data at addr: 12'h00c, data: 32'hb189ff63
# ----------------------------------------------------------
# ----------------------------------------------------------
# [32mTime: 1326, PASS data correct | Exp: b189ff63, Act: b189ff63[0m
# ----------------------------------------------------------
# ----------------------------------------------------------
# TIME: 1526, [INFO] Read data at addr: 12'h00c, data: 32'hb189ff63
# ----------------------------------------------------------
# ----------------------------------------------------------
# TIME: 1526, [INFO] Write data at addr: 12'h00c, data: 32'h46df998d, pstrb: 4'b1101
# ----------------------------------------------------------
# ----------------------------------------------------------
# TIME: 1926, [INFO] Read data at addr: 12'h00c, data: 32'h46dfff8d
# ----------------------------------------------------------
# ----------------------------------------------------------
# [32mTime: 1926, PASS data correct | Exp: 46dfff8d, Act: 46dfff8d[0m
# ----------------------------------------------------------
# ----------------------------------------------------------
# TIME: 2126, [INFO] Read data at addr: 12'h00c, data: 32'h46dfff8d
# ----------------------------------------------------------
# ----------------------------------------------------------
# TIME: 2126, [INFO] Write data at addr: 12'h00c, data: 32'h89375212, pstrb: 4'b0101
# ----------------------------------------------------------
# ----------------------------------------------------------
# TIME: 2526, [INFO] Read data at addr: 12'h00c, data: 32'h4637ff12
# ----------------------------------------------------------
# ----------------------------------------------------------
# [32mTime: 2526, PASS data correct | Exp: 4637ff12, Act: 4637ff12[0m
# ----------------------------------------------------------
# ----------------------------------------------------------
# TIME: 2726, [INFO] Read data at addr: 12'h00c, data: 32'h4637ff12
# ----------------------------------------------------------
# ----------------------------------------------------------
# TIME: 2726, [INFO] Write data at addr: 12'h00c, data: 32'h06d7cd0d, pstrb: 4'b0001
# ----------------------------------------------------------
# ----------------------------------------------------------
# TIME: 3126, [INFO] Read data at addr: 12'h00c, data: 32'h4637ff0d
# ----------------------------------------------------------
# ----------------------------------------------------------
# [32mTime: 3126, PASS data correct | Exp: 4637ff0d, Act: 4637ff0d[0m
# ----------------------------------------------------------
# ----------------------------------------------------------
# TIME: 3326, [INFO] Read data at addr: 12'h00c, data: 32'h4637ff0d
# ----------------------------------------------------------
# ----------------------------------------------------------
# TIME: 3326, [INFO] Write data at addr: 12'h00c, data: 32'h1e8dcd3d, pstrb: 4'b0110
# ----------------------------------------------------------
# ----------------------------------------------------------
# TIME: 3726, [INFO] Read data at addr: 12'h00c, data: 32'h468dcd0d
# ----------------------------------------------------------
# ----------------------------------------------------------
# [32mTime: 3726, PASS data correct | Exp: 468dcd0d, Act: 468dcd0d[0m
# ----------------------------------------------------------
# ----------------------------------------------------------
# TIME: 3926, [INFO] Read data at addr: 12'h00c, data: 32'h468dcd0d
# ----------------------------------------------------------
# ----------------------------------------------------------
# TIME: 3926, [INFO] Write data at addr: 12'h00c, data: 32'h462df78c, pstrb: 4'b1101
# ----------------------------------------------------------
# ----------------------------------------------------------
# TIME: 4326, [INFO] Read data at addr: 12'h00c, data: 32'h462dcd8c
# ----------------------------------------------------------
# ----------------------------------------------------------
# [32mTime: 4326, PASS data correct | Exp: 462dcd8c, Act: 462dcd8c[0m
# ----------------------------------------------------------
# ----------------------------------------------------------
# TIME: 4526, [INFO] Read data at addr: 12'h00c, data: 32'h462dcd8c
# ----------------------------------------------------------
# ----------------------------------------------------------
# TIME: 4526, [INFO] Write data at addr: 12'h00c, data: 32'he33724c6, pstrb: 4'b1001
# ----------------------------------------------------------
# ----------------------------------------------------------
# TIME: 4926, [INFO] Read data at addr: 12'h00c, data: 32'he32dcdc6
# ----------------------------------------------------------
# ----------------------------------------------------------
# [32mTime: 4926, PASS data correct | Exp: e32dcdc6, Act: e32dcdc6[0m
# ----------------------------------------------------------
# ----------------------------------------------------------
# TIME: 5126, [INFO] Read data at addr: 12'h00c, data: 32'he32dcdc6
# ----------------------------------------------------------
# ----------------------------------------------------------
# TIME: 5126, [INFO] Write data at addr: 12'h00c, data: 32'hd513d2aa, pstrb: 4'b0101
# ----------------------------------------------------------
# ----------------------------------------------------------
# TIME: 5526, [INFO] Read data at addr: 12'h00c, data: 32'he313cdaa
# ----------------------------------------------------------
# ----------------------------------------------------------
# [32mTime: 5526, PASS data correct | Exp: e313cdaa, Act: e313cdaa[0m
# ----------------------------------------------------------
# ----------------------------------------------------------
# TIME: 5726, [INFO] Read data at addr: 12'h00c, data: 32'he313cdaa
# ----------------------------------------------------------
# ----------------------------------------------------------
# TIME: 5726, [INFO] Write data at addr: 12'h00c, data: 32'hbbd27277, pstrb: 4'b0101
# ----------------------------------------------------------
# ----------------------------------------------------------
# TIME: 6126, [INFO] Read data at addr: 12'h00c, data: 32'he3d2cd77
# ----------------------------------------------------------
# ----------------------------------------------------------
# [32mTime: 6126, PASS data correct | Exp: e3d2cd77, Act: e3d2cd77[0m
# ----------------------------------------------------------
# ----------------------------------------------------------
# TIME: 6326, [INFO] Read data at addr: 12'h00c, data: 32'he3d2cd77
# ----------------------------------------------------------
# ----------------------------------------------------------
# TIME: 6326, [INFO] Write data at addr: 12'h00c, data: 32'h47ecdb8f, pstrb: 4'b0010
# ----------------------------------------------------------
# ----------------------------------------------------------
# TIME: 6726, [INFO] Read data at addr: 12'h00c, data: 32'he3d2db77
# ----------------------------------------------------------
# ----------------------------------------------------------
# [32mTime: 6726, PASS data correct | Exp: e3d2db77, Act: e3d2db77[0m
# ----------------------------------------------------------
# ----------------------------------------------------------
# TIME: 6926, [INFO] Read data at addr: 12'h00c, data: 32'he3d2db77
# ----------------------------------------------------------
# ----------------------------------------------------------
# TIME: 6926, [INFO] Write data at addr: 12'h00c, data: 32'he77696ce, pstrb: 4'b0010
# ----------------------------------------------------------
# ----------------------------------------------------------
# TIME: 7326, [INFO] Read data at addr: 12'h00c, data: 32'he3d29677
# ----------------------------------------------------------
# ----------------------------------------------------------
# [32mTime: 7326, PASS data correct | Exp: e3d29677, Act: e3d29677[0m
# ----------------------------------------------------------
# ----------------------------------------------------------
# TIME: 7526, [INFO] Read data at addr: 12'h00c, data: 32'he3d29677
# ----------------------------------------------------------
# ----------------------------------------------------------
# TIME: 7526, [INFO] Write data at addr: 12'h00c, data: 32'he2ca4ec5, pstrb: 4'b1000
# ----------------------------------------------------------
# ----------------------------------------------------------
# TIME: 7926, [INFO] Read data at addr: 12'h00c, data: 32'he2d29677
# ----------------------------------------------------------
# ----------------------------------------------------------
# [32mTime: 7926, PASS data correct | Exp: e2d29677, Act: e2d29677[0m
# ----------------------------------------------------------
# ----------------------------------------------------------
# TIME: 8126, [INFO] Read data at addr: 12'h00c, data: 32'he2d29677
# ----------------------------------------------------------
# ----------------------------------------------------------
# TIME: 8126, [INFO] Write data at addr: 12'h00c, data: 32'hde8e28bd, pstrb: 4'b1100
# ----------------------------------------------------------
# ----------------------------------------------------------
# TIME: 8526, [INFO] Read data at addr: 12'h00c, data: 32'hde8e9677
# ----------------------------------------------------------
# ----------------------------------------------------------
# [32mTime: 8526, PASS data correct | Exp: de8e9677, Act: de8e9677[0m
# ----------------------------------------------------------
# ----------------------------------------------------------
# TIME: 8726, [INFO] Read data at addr: 12'h00c, data: 32'hde8e9677
# ----------------------------------------------------------
# ----------------------------------------------------------
# TIME: 8726, [INFO] Write data at addr: 12'h00c, data: 32'hb2a72665, pstrb: 4'b1101
# ----------------------------------------------------------
# ----------------------------------------------------------
# TIME: 9126, [INFO] Read data at addr: 12'h00c, data: 32'hb2a79665
# ----------------------------------------------------------
# ----------------------------------------------------------
# [32mTime: 9126, PASS data correct | Exp: b2a79665, Act: b2a79665[0m
# ----------------------------------------------------------
# ----------------------------------------------------------
# TIME: 9326, [INFO] Read data at addr: 12'h00c, data: 32'hb2a79665
# ----------------------------------------------------------
# ----------------------------------------------------------
# TIME: 9326, [INFO] Write data at addr: 12'h00c, data: 32'h0573870a, pstrb: 4'b0011
# ----------------------------------------------------------
# ----------------------------------------------------------
# TIME: 9726, [INFO] Read data at addr: 12'h00c, data: 32'hb2a7870a
# ----------------------------------------------------------
# ----------------------------------------------------------
# [32mTime: 9726, PASS data correct | Exp: b2a7870a, Act: b2a7870a[0m
# ----------------------------------------------------------
# ----------------------------------------------------------
# TIME: 9926, [INFO] Read data at addr: 12'h00c, data: 32'hb2a7870a
# ----------------------------------------------------------
# ----------------------------------------------------------
# TIME: 9926, [INFO] Write data at addr: 12'h00c, data: 32'h10642120, pstrb: 4'b0000
# ----------------------------------------------------------
# ----------------------------------------------------------
# TIME: 10326, [INFO] Read data at addr: 12'h00c, data: 32'hb2a7870a
# ----------------------------------------------------------
# ----------------------------------------------------------
# [32mTime: 10326, PASS data correct | Exp: b2a7870a, Act: b2a7870a[0m
# ----------------------------------------------------------
# ----------------------------------------------------------
# TIME: 10526, [INFO] Read data at addr: 12'h00c, data: 32'hb2a7870a
# ----------------------------------------------------------
# ----------------------------------------------------------
# TIME: 10526, [INFO] Write data at addr: 12'h00c, data: 32'hcecccc9d, pstrb: 4'b1010
# ----------------------------------------------------------
# ----------------------------------------------------------
# TIME: 10926, [INFO] Read data at addr: 12'h00c, data: 32'hcea7cc0a
# ----------------------------------------------------------
# ----------------------------------------------------------
# [32mTime: 10926, PASS data correct | Exp: cea7cc0a, Act: cea7cc0a[0m
# ----------------------------------------------------------
# ----------------------------------------------------------
# TIME: 11126, [INFO] Read data at addr: 12'h00c, data: 32'hcea7cc0a
# ----------------------------------------------------------
# ----------------------------------------------------------
# TIME: 11126, [INFO] Write data at addr: 12'h00c, data: 32'h8983b813, pstrb: 4'b0110
# ----------------------------------------------------------
# ----------------------------------------------------------
# TIME: 11526, [INFO] Read data at addr: 12'h00c, data: 32'hce83b80a
# ----------------------------------------------------------
# ----------------------------------------------------------
# [32mTime: 11526, PASS data correct | Exp: ce83b80a, Act: ce83b80a[0m
# ----------------------------------------------------------
# ----------------------------------------------------------
# TIME: 11726, [INFO] Read data at addr: 12'h00c, data: 32'hce83b80a
# ----------------------------------------------------------
# ----------------------------------------------------------
# TIME: 11726, [INFO] Write data at addr: 12'h00c, data: 32'ha9a7d653, pstrb: 4'b1101
# ----------------------------------------------------------
# ----------------------------------------------------------
# TIME: 12126, [INFO] Read data at addr: 12'h00c, data: 32'ha9a7b853
# ----------------------------------------------------------
# ----------------------------------------------------------
# [32mTime: 12126, PASS data correct | Exp: a9a7b853, Act: a9a7b853[0m
# ----------------------------------------------------------
# ----------------------------------------------------------
# TIME: 12326, [INFO] Read data at addr: 12'h010, data: 32'hffffffff
# ----------------------------------------------------------
# ----------------------------------------------------------
# TIME: 12326, [INFO] Write data at addr: 12'h010, data: 32'heaa62ad5, pstrb: 4'b1011
# ----------------------------------------------------------
# ----------------------------------------------------------
# TIME: 12726, [INFO] Read data at addr: 12'h010, data: 32'heaff2ad5
# ----------------------------------------------------------
# ----------------------------------------------------------
# [32mTime: 12726, PASS data correct | Exp: eaff2ad5, Act: eaff2ad5[0m
# ----------------------------------------------------------
# ----------------------------------------------------------
# TIME: 12926, [INFO] Read data at addr: 12'h010, data: 32'heaff2ad5
# ----------------------------------------------------------
# ----------------------------------------------------------
# TIME: 12926, [INFO] Write data at addr: 12'h010, data: 32'hd7563eae, pstrb: 4'b0010
# ----------------------------------------------------------
# ----------------------------------------------------------
# TIME: 13326, [INFO] Read data at addr: 12'h010, data: 32'heaff3ed5
# ----------------------------------------------------------
# ----------------------------------------------------------
# [32mTime: 13326, PASS data correct | Exp: eaff3ed5, Act: eaff3ed5[0m
# ----------------------------------------------------------
# ----------------------------------------------------------
# TIME: 13526, [INFO] Read data at addr: 12'h010, data: 32'heaff3ed5
# ----------------------------------------------------------
# ----------------------------------------------------------
# TIME: 13526, [INFO] Write data at addr: 12'h010, data: 32'he7c572cf, pstrb: 4'b1101
# ----------------------------------------------------------
# ----------------------------------------------------------
# TIME: 13926, [INFO] Read data at addr: 12'h010, data: 32'he7c53ecf
# ----------------------------------------------------------
# ----------------------------------------------------------
# [32mTime: 13926, PASS data correct | Exp: e7c53ecf, Act: e7c53ecf[0m
# ----------------------------------------------------------
# ----------------------------------------------------------
# TIME: 14126, [INFO] Read data at addr: 12'h010, data: 32'he7c53ecf
# ----------------------------------------------------------
# ----------------------------------------------------------
# TIME: 14126, [INFO] Write data at addr: 12'h010, data: 32'h0509650a, pstrb: 4'b0011
# ----------------------------------------------------------
# ----------------------------------------------------------
# TIME: 14526, [INFO] Read data at addr: 12'h010, data: 32'he7c5650a
# ----------------------------------------------------------
# ----------------------------------------------------------
# [32mTime: 14526, PASS data correct | Exp: e7c5650a, Act: e7c5650a[0m
# ----------------------------------------------------------
# ----------------------------------------------------------
# TIME: 14726, [INFO] Read data at addr: 12'h010, data: 32'he7c5650a
# ----------------------------------------------------------
# ----------------------------------------------------------
# TIME: 14726, [INFO] Write data at addr: 12'h010, data: 32'h9e314c3c, pstrb: 4'b1010
# ----------------------------------------------------------
# ----------------------------------------------------------
# TIME: 15126, [INFO] Read data at addr: 12'h010, data: 32'h9ec54c0a
# ----------------------------------------------------------
# ----------------------------------------------------------
# [32mTime: 15126, PASS data correct | Exp: 9ec54c0a, Act: 9ec54c0a[0m
# ----------------------------------------------------------
# ----------------------------------------------------------
# TIME: 15326, [INFO] Read data at addr: 12'h010, data: 32'h9ec54c0a
# ----------------------------------------------------------
# ----------------------------------------------------------
# TIME: 15326, [INFO] Write data at addr: 12'h010, data: 32'h452e618a, pstrb: 4'b0010
# ----------------------------------------------------------
# ----------------------------------------------------------
# TIME: 15726, [INFO] Read data at addr: 12'h010, data: 32'h9ec5610a
# ----------------------------------------------------------
# ----------------------------------------------------------
# [32mTime: 15726, PASS data correct | Exp: 9ec5610a, Act: 9ec5610a[0m
# ----------------------------------------------------------
# ----------------------------------------------------------
# TIME: 15926, [INFO] Read data at addr: 12'h010, data: 32'h9ec5610a
# ----------------------------------------------------------
# ----------------------------------------------------------
# TIME: 15926, [INFO] Write data at addr: 12'h010, data: 32'hec4b34d8, pstrb: 4'b0001
# ----------------------------------------------------------
# ----------------------------------------------------------
# TIME: 16326, [INFO] Read data at addr: 12'h010, data: 32'h9ec561d8
# ----------------------------------------------------------
# ----------------------------------------------------------
# [32mTime: 16326, PASS data correct | Exp: 9ec561d8, Act: 9ec561d8[0m
# ----------------------------------------------------------
# ----------------------------------------------------------
# TIME: 16526, [INFO] Read data at addr: 12'h010, data: 32'h9ec561d8
# ----------------------------------------------------------
# ----------------------------------------------------------
# TIME: 16526, [INFO] Write data at addr: 12'h010, data: 32'hc48a1289, pstrb: 4'b1000
# ----------------------------------------------------------
# ----------------------------------------------------------
# TIME: 16926, [INFO] Read data at addr: 12'h010, data: 32'hc4c561d8
# ----------------------------------------------------------
# ----------------------------------------------------------
# [32mTime: 16926, PASS data correct | Exp: c4c561d8, Act: c4c561d8[0m
# ----------------------------------------------------------
# ----------------------------------------------------------
# TIME: 17126, [INFO] Read data at addr: 12'h010, data: 32'hc4c561d8
# ----------------------------------------------------------
# ----------------------------------------------------------
# TIME: 17126, [INFO] Write data at addr: 12'h010, data: 32'h5b0265b6, pstrb: 4'b1011
# ----------------------------------------------------------
# ----------------------------------------------------------
# TIME: 17526, [INFO] Read data at addr: 12'h010, data: 32'h5bc565b6
# ----------------------------------------------------------
# ----------------------------------------------------------
# [32mTime: 17526, PASS data correct | Exp: 5bc565b6, Act: 5bc565b6[0m
# ----------------------------------------------------------
# ----------------------------------------------------------
# TIME: 17726, [INFO] Read data at addr: 12'h010, data: 32'h5bc565b6
# ----------------------------------------------------------
# ----------------------------------------------------------
# TIME: 17726, [INFO] Write data at addr: 12'h010, data: 32'h571513ae, pstrb: 4'b0110
# ----------------------------------------------------------
# ----------------------------------------------------------
# TIME: 18126, [INFO] Read data at addr: 12'h010, data: 32'h5b1513b6
# ----------------------------------------------------------
# ----------------------------------------------------------
# [32mTime: 18126, PASS data correct | Exp: 5b1513b6, Act: 5b1513b6[0m
# ----------------------------------------------------------
# ----------------------------------------------------------
# TIME: 18326, [INFO] Read data at addr: 12'h010, data: 32'h5b1513b6
# ----------------------------------------------------------
# ----------------------------------------------------------
# TIME: 18326, [INFO] Write data at addr: 12'h010, data: 32'h150fdd2a, pstrb: 4'b1100
# ----------------------------------------------------------
# ----------------------------------------------------------
# TIME: 18726, [INFO] Read data at addr: 12'h010, data: 32'h150f13b6
# ----------------------------------------------------------
# ----------------------------------------------------------
# [32mTime: 18726, PASS data correct | Exp: 150f13b6, Act: 150f13b6[0m
# ----------------------------------------------------------
# ----------------------------------------------------------
# TIME: 18926, [INFO] Read data at addr: 12'h010, data: 32'h150f13b6
# ----------------------------------------------------------
# ----------------------------------------------------------
# TIME: 18926, [INFO] Write data at addr: 12'h010, data: 32'hb897be71, pstrb: 4'b1011
# ----------------------------------------------------------
# ----------------------------------------------------------
# TIME: 19326, [INFO] Read data at addr: 12'h010, data: 32'hb80fbe71
# ----------------------------------------------------------
# ----------------------------------------------------------
# [32mTime: 19326, PASS data correct | Exp: b80fbe71, Act: b80fbe71[0m
# ----------------------------------------------------------
# ----------------------------------------------------------
# TIME: 19526, [INFO] Read data at addr: 12'h010, data: 32'hb80fbe71
# ----------------------------------------------------------
# ----------------------------------------------------------
# TIME: 19526, [INFO] Write data at addr: 12'h010, data: 32'h27f2554f, pstrb: 4'b0101
# ----------------------------------------------------------
# ----------------------------------------------------------
# TIME: 19926, [INFO] Read data at addr: 12'h010, data: 32'hb8f2be4f
# ----------------------------------------------------------
# ----------------------------------------------------------
# [32mTime: 19926, PASS data correct | Exp: b8f2be4f, Act: b8f2be4f[0m
# ----------------------------------------------------------
# ----------------------------------------------------------
# TIME: 20126, [INFO] Read data at addr: 12'h010, data: 32'hb8f2be4f
# ----------------------------------------------------------
# ----------------------------------------------------------
# TIME: 20126, [INFO] Write data at addr: 12'h010, data: 32'h1d06333a, pstrb: 4'b1011
# ----------------------------------------------------------
# ----------------------------------------------------------
# TIME: 20526, [INFO] Read data at addr: 12'h010, data: 32'h1df2333a
# ----------------------------------------------------------
# ----------------------------------------------------------
# [32mTime: 20526, PASS data correct | Exp: 1df2333a, Act: 1df2333a[0m
# ----------------------------------------------------------
# ----------------------------------------------------------
# TIME: 20726, [INFO] Read data at addr: 12'h010, data: 32'h1df2333a
# ----------------------------------------------------------
# ----------------------------------------------------------
# TIME: 20726, [INFO] Write data at addr: 12'h010, data: 32'h0aaa4b15, pstrb: 4'b1110
# ----------------------------------------------------------
# ----------------------------------------------------------
# TIME: 21126, [INFO] Read data at addr: 12'h010, data: 32'h0aaa4b3a
# ----------------------------------------------------------
# ----------------------------------------------------------
# [32mTime: 21126, PASS data correct | Exp: 0aaa4b3a, Act: 0aaa4b3a[0m
# ----------------------------------------------------------
# ----------------------------------------------------------
# TIME: 21326, [INFO] Read data at addr: 12'h010, data: 32'h0aaa4b3a
# ----------------------------------------------------------
# ----------------------------------------------------------
# TIME: 21326, [INFO] Write data at addr: 12'h010, data: 32'h6c9c4bd9, pstrb: 4'b0001
# ----------------------------------------------------------
# ----------------------------------------------------------
# TIME: 21726, [INFO] Read data at addr: 12'h010, data: 32'h0aaa4bd9
# ----------------------------------------------------------
# ----------------------------------------------------------
# [32mTime: 21726, PASS data correct | Exp: 0aaa4bd9, Act: 0aaa4bd9[0m
# ----------------------------------------------------------
# ----------------------------------------------------------
# TIME: 21926, [INFO] Read data at addr: 12'h010, data: 32'h0aaa4bd9
# ----------------------------------------------------------
# ----------------------------------------------------------
# TIME: 21926, [INFO] Write data at addr: 12'h010, data: 32'h2635fb4c, pstrb: 4'b0010
# ----------------------------------------------------------
# ----------------------------------------------------------
# TIME: 22326, [INFO] Read data at addr: 12'h010, data: 32'h0aaafbd9
# ----------------------------------------------------------
# ----------------------------------------------------------
# [32mTime: 22326, PASS data correct | Exp: 0aaafbd9, Act: 0aaafbd9[0m
# ----------------------------------------------------------
# ----------------------------------------------------------
# TIME: 22526, [INFO] Read data at addr: 12'h010, data: 32'h0aaafbd9
# ----------------------------------------------------------
# ----------------------------------------------------------
# TIME: 22526, [INFO] Write data at addr: 12'h010, data: 32'h47b9a18f, pstrb: 4'b1111
# ----------------------------------------------------------
# ----------------------------------------------------------
# TIME: 22926, [INFO] Read data at addr: 12'h010, data: 32'h47b9a18f
# ----------------------------------------------------------
# ----------------------------------------------------------
# [32mTime: 22926, PASS data correct | Exp: 47b9a18f, Act: 47b9a18f[0m
# ----------------------------------------------------------
# ----------------------------------------------------------
# TIME: 23126, [INFO] Read data at addr: 12'h010, data: 32'h47b9a18f
# ----------------------------------------------------------
# ----------------------------------------------------------
# TIME: 23126, [INFO] Write data at addr: 12'h010, data: 32'hdbcd60b7, pstrb: 4'b1000
# ----------------------------------------------------------
# ----------------------------------------------------------
# TIME: 23526, [INFO] Read data at addr: 12'h010, data: 32'hdbb9a18f
# ----------------------------------------------------------
# ----------------------------------------------------------
# [32mTime: 23526, PASS data correct | Exp: dbb9a18f, Act: dbb9a18f[0m
# ----------------------------------------------------------
# ----------------------------------------------------------
# TIME: 23726, [INFO] Read data at addr: 12'h010, data: 32'hdbb9a18f
# ----------------------------------------------------------
# ----------------------------------------------------------
# TIME: 23726, [INFO] Write data at addr: 12'h010, data: 32'hae7d945c, pstrb: 4'b1111
# ----------------------------------------------------------
# ----------------------------------------------------------
# TIME: 24126, [INFO] Read data at addr: 12'h010, data: 32'hae7d945c
# ----------------------------------------------------------
# ----------------------------------------------------------
# [32mTime: 24126, PASS data correct | Exp: ae7d945c, Act: ae7d945c[0m
# ----------------------------------------------------------
# ----------------------------------------------------------
# TIME: 24326, [INFO] Read data at addr: 12'h004, data: 32'h00000000
# ----------------------------------------------------------
# ----------------------------------------------------------
# TIME: 24326, [INFO] Write data at addr: 12'h004, data: 32'h44de3789, pstrb: 4'b1011
# ----------------------------------------------------------
# ----------------------------------------------------------
# TIME: 24726, [INFO] Read data at addr: 12'h004, data: 32'h44003789
# ----------------------------------------------------------
# ----------------------------------------------------------
# [32mTime: 24726, PASS data correct | Exp: 44003789, Act: 44003789[0m
# ----------------------------------------------------------
# ----------------------------------------------------------
# TIME: 24926, [INFO] Read data at addr: 12'h004, data: 32'h44003789
# ----------------------------------------------------------
# ----------------------------------------------------------
# TIME: 24926, [INFO] Write data at addr: 12'h004, data: 32'he8233ed0, pstrb: 4'b1001
# ----------------------------------------------------------
# ----------------------------------------------------------
# TIME: 25326, [INFO] Read data at addr: 12'h004, data: 32'he80037d0
# ----------------------------------------------------------
# ----------------------------------------------------------
# [32mTime: 25326, PASS data correct | Exp: e80037d0, Act: e80037d0[0m
# ----------------------------------------------------------
# ----------------------------------------------------------
# TIME: 25526, [INFO] Read data at addr: 12'h004, data: 32'he80037d0
# ----------------------------------------------------------
# ----------------------------------------------------------
# TIME: 25526, [INFO] Write data at addr: 12'h004, data: 32'ha8c7fc51, pstrb: 4'b0111
# ----------------------------------------------------------
# ----------------------------------------------------------
# TIME: 25926, [INFO] Read data at addr: 12'h004, data: 32'he8c7fc51
# ----------------------------------------------------------
# ----------------------------------------------------------
# [32mTime: 25926, PASS data correct | Exp: e8c7fc51, Act: e8c7fc51[0m
# ----------------------------------------------------------
# ----------------------------------------------------------
# TIME: 26126, [INFO] Read data at addr: 12'h004, data: 32'he8c7fc51
# ----------------------------------------------------------
# ----------------------------------------------------------
# TIME: 26126, [INFO] Write data at addr: 12'h004, data: 32'h061d7f0c, pstrb: 4'b0110
# ----------------------------------------------------------
# ----------------------------------------------------------
# TIME: 26526, [INFO] Read data at addr: 12'h004, data: 32'he81d7f51
# ----------------------------------------------------------
# ----------------------------------------------------------
# [32mTime: 26526, PASS data correct | Exp: e81d7f51, Act: e81d7f51[0m
# ----------------------------------------------------------
# ----------------------------------------------------------
# TIME: 26726, [INFO] Read data at addr: 12'h004, data: 32'he81d7f51
# ----------------------------------------------------------
# ----------------------------------------------------------
# TIME: 26726, [INFO] Write data at addr: 12'h004, data: 32'h6457edc8, pstrb: 4'b0010
# ----------------------------------------------------------
# ----------------------------------------------------------
# TIME: 27126, [INFO] Read data at addr: 12'h004, data: 32'he81ded51
# ----------------------------------------------------------
# ----------------------------------------------------------
# [32mTime: 27126, PASS data correct | Exp: e81ded51, Act: e81ded51[0m
# ----------------------------------------------------------
# ----------------------------------------------------------
# TIME: 27326, [INFO] Read data at addr: 12'h004, data: 32'he81ded51
# ----------------------------------------------------------
# ----------------------------------------------------------
# TIME: 27326, [INFO] Write data at addr: 12'h004, data: 32'h1ef2ed3d, pstrb: 4'b0111
# ----------------------------------------------------------
# ----------------------------------------------------------
# TIME: 27726, [INFO] Read data at addr: 12'h004, data: 32'he8f2ed3d
# ----------------------------------------------------------
# ----------------------------------------------------------
# [32mTime: 27726, PASS data correct | Exp: e8f2ed3d, Act: e8f2ed3d[0m
# ----------------------------------------------------------
# ----------------------------------------------------------
# TIME: 27926, [INFO] Read data at addr: 12'h004, data: 32'he8f2ed3d
# ----------------------------------------------------------
# ----------------------------------------------------------
# TIME: 27926, [INFO] Write data at addr: 12'h004, data: 32'hbf05007e, pstrb: 4'b0010
# ----------------------------------------------------------
# ----------------------------------------------------------
# TIME: 28326, [INFO] Read data at addr: 12'h004, data: 32'he8f2003d
# ----------------------------------------------------------
# ----------------------------------------------------------
# [32mTime: 28326, PASS data correct | Exp: e8f2003d, Act: e8f2003d[0m
# ----------------------------------------------------------
# ----------------------------------------------------------
# TIME: 28526, [INFO] Read data at addr: 12'h004, data: 32'he8f2003d
# ----------------------------------------------------------
# ----------------------------------------------------------
# TIME: 28526, [INFO] Write data at addr: 12'h004, data: 32'h1cd9e739, pstrb: 4'b1101
# ----------------------------------------------------------
# ----------------------------------------------------------
# TIME: 28926, [INFO] Read data at addr: 12'h004, data: 32'h1cd90039
# ----------------------------------------------------------
# ----------------------------------------------------------
# [32mTime: 28926, PASS data correct | Exp: 1cd90039, Act: 1cd90039[0m
# ----------------------------------------------------------
# ----------------------------------------------------------
# TIME: 29126, [INFO] Read data at addr: 12'h004, data: 32'h1cd90039
# ----------------------------------------------------------
# ----------------------------------------------------------
# TIME: 29126, [INFO] Write data at addr: 12'h004, data: 32'he9ebf6d3, pstrb: 4'b1111
# ----------------------------------------------------------
# ----------------------------------------------------------
# TIME: 29526, [INFO] Read data at addr: 12'h004, data: 32'he9ebf6d3
# ----------------------------------------------------------
# ----------------------------------------------------------
# [32mTime: 29526, PASS data correct | Exp: e9ebf6d3, Act: e9ebf6d3[0m
# ----------------------------------------------------------
# ----------------------------------------------------------
# TIME: 29726, [INFO] Read data at addr: 12'h004, data: 32'he9ebf6d3
# ----------------------------------------------------------
# ----------------------------------------------------------
# TIME: 29726, [INFO] Write data at addr: 12'h004, data: 32'hbc148878, pstrb: 4'b0101
# ----------------------------------------------------------
# ----------------------------------------------------------
# TIME: 30126, [INFO] Read data at addr: 12'h004, data: 32'he914f678
# ----------------------------------------------------------
# ----------------------------------------------------------
# [32mTime: 30126, PASS data correct | Exp: e914f678, Act: e914f678[0m
# ----------------------------------------------------------
# ----------------------------------------------------------
# TIME: 30326, [INFO] Read data at addr: 12'h004, data: 32'he914f678
# ----------------------------------------------------------
# ----------------------------------------------------------
# TIME: 30326, [INFO] Write data at addr: 12'h004, data: 32'h248b4b49, pstrb: 4'b1011
# ----------------------------------------------------------
# ----------------------------------------------------------
# TIME: 30726, [INFO] Read data at addr: 12'h004, data: 32'h24144b49
# ----------------------------------------------------------
# ----------------------------------------------------------
# [32mTime: 30726, PASS data correct | Exp: 24144b49, Act: 24144b49[0m
# ----------------------------------------------------------
# ----------------------------------------------------------
# TIME: 30926, [INFO] Read data at addr: 12'h004, data: 32'h24144b49
# ----------------------------------------------------------
# ----------------------------------------------------------
# TIME: 30926, [INFO] Write data at addr: 12'h004, data: 32'h150caf2a, pstrb: 4'b1111
# ----------------------------------------------------------
# ----------------------------------------------------------
# TIME: 31326, [INFO] Read data at addr: 12'h004, data: 32'h150caf2a
# ----------------------------------------------------------
# ----------------------------------------------------------
# [32mTime: 31326, PASS data correct | Exp: 150caf2a, Act: 150caf2a[0m
# ----------------------------------------------------------
# ----------------------------------------------------------
# TIME: 31526, [INFO] Read data at addr: 12'h004, data: 32'h150caf2a
# ----------------------------------------------------------
# ----------------------------------------------------------
# TIME: 31526, [INFO] Write data at addr: 12'h004, data: 32'hc33f3886, pstrb: 4'b1000
# ----------------------------------------------------------
# ----------------------------------------------------------
# TIME: 31926, [INFO] Read data at addr: 12'h004, data: 32'hc30caf2a
# ----------------------------------------------------------
# ----------------------------------------------------------
# [32mTime: 31926, PASS data correct | Exp: c30caf2a, Act: c30caf2a[0m
# ----------------------------------------------------------
# ----------------------------------------------------------
# TIME: 32126, [INFO] Read data at addr: 12'h004, data: 32'hc30caf2a
# ----------------------------------------------------------
# ----------------------------------------------------------
# TIME: 32126, [INFO] Write data at addr: 12'h004, data: 32'hce2ff29c, pstrb: 4'b1110
# ----------------------------------------------------------
# ----------------------------------------------------------
# TIME: 32526, [INFO] Read data at addr: 12'h004, data: 32'hce2ff22a
# ----------------------------------------------------------
# ----------------------------------------------------------
# [32mTime: 32526, PASS data correct | Exp: ce2ff22a, Act: ce2ff22a[0m
# ----------------------------------------------------------
# ----------------------------------------------------------
# TIME: 32726, [INFO] Read data at addr: 12'h004, data: 32'hce2ff22a
# ----------------------------------------------------------
# ----------------------------------------------------------
# TIME: 32726, [INFO] Write data at addr: 12'h004, data: 32'h937dbc26, pstrb: 4'b1010
# ----------------------------------------------------------
# ----------------------------------------------------------
# TIME: 33126, [INFO] Read data at addr: 12'h004, data: 32'h932fbc2a
# ----------------------------------------------------------
# ----------------------------------------------------------
# [32mTime: 33126, PASS data correct | Exp: 932fbc2a, Act: 932fbc2a[0m
# ----------------------------------------------------------
# ----------------------------------------------------------
# TIME: 33326, [INFO] Read data at addr: 12'h004, data: 32'h932fbc2a
# ----------------------------------------------------------
# ----------------------------------------------------------
# TIME: 33326, [INFO] Write data at addr: 12'h004, data: 32'hd18bb4a3, pstrb: 4'b0011
# ----------------------------------------------------------
# ----------------------------------------------------------
# TIME: 33726, [INFO] Read data at addr: 12'h004, data: 32'h932fb4a3
# ----------------------------------------------------------
# ----------------------------------------------------------
# [32mTime: 33726, PASS data correct | Exp: 932fb4a3, Act: 932fb4a3[0m
# ----------------------------------------------------------
# ----------------------------------------------------------
# TIME: 33926, [INFO] Read data at addr: 12'h004, data: 32'h932fb4a3
# ----------------------------------------------------------
# ----------------------------------------------------------
# TIME: 33926, [INFO] Write data at addr: 12'h004, data: 32'hd9d292b3, pstrb: 4'b1111
# ----------------------------------------------------------
# ----------------------------------------------------------
# TIME: 34326, [INFO] Read data at addr: 12'h004, data: 32'hd9d292b3
# ----------------------------------------------------------
# ----------------------------------------------------------
# [32mTime: 34326, PASS data correct | Exp: d9d292b3, Act: d9d292b3[0m
# ----------------------------------------------------------
# ----------------------------------------------------------
# TIME: 34526, [INFO] Read data at addr: 12'h004, data: 32'hd9d292b3
# ----------------------------------------------------------
# ----------------------------------------------------------
# TIME: 34526, [INFO] Write data at addr: 12'h004, data: 32'h22290d44, pstrb: 4'b1111
# ----------------------------------------------------------
# ----------------------------------------------------------
# TIME: 34926, [INFO] Read data at addr: 12'h004, data: 32'h22290d44
# ----------------------------------------------------------
# ----------------------------------------------------------
# [32mTime: 34926, PASS data correct | Exp: 22290d44, Act: 22290d44[0m
# ----------------------------------------------------------
# ----------------------------------------------------------
# TIME: 35126, [INFO] Read data at addr: 12'h004, data: 32'h22290d44
# ----------------------------------------------------------
# ----------------------------------------------------------
# TIME: 35126, [INFO] Write data at addr: 12'h004, data: 32'he59b36cb, pstrb: 4'b0111
# ----------------------------------------------------------
# ----------------------------------------------------------
# TIME: 35526, [INFO] Read data at addr: 12'h004, data: 32'h229b36cb
# ----------------------------------------------------------
# ----------------------------------------------------------
# [32mTime: 35526, PASS data correct | Exp: 229b36cb, Act: 229b36cb[0m
# ----------------------------------------------------------
# ----------------------------------------------------------
# TIME: 35726, [INFO] Read data at addr: 12'h004, data: 32'h229b36cb
# ----------------------------------------------------------
# ----------------------------------------------------------
# TIME: 35726, [INFO] Write data at addr: 12'h004, data: 32'h2d28db5a, pstrb: 4'b0110
# ----------------------------------------------------------
# ----------------------------------------------------------
# TIME: 36126, [INFO] Read data at addr: 12'h004, data: 32'h2228dbcb
# ----------------------------------------------------------
# ----------------------------------------------------------
# [32mTime: 36126, PASS data correct | Exp: 2228dbcb, Act: 2228dbcb[0m
# ----------------------------------------------------------
# ----------------------------------------------------------
# TIME: 36326, [INFO] Read data at addr: 12'h008, data: 32'h00000000
# ----------------------------------------------------------
# ----------------------------------------------------------
# TIME: 36326, [INFO] Write data at addr: 12'h008, data: 32'hf682e2ed, pstrb: 4'b1001
# ----------------------------------------------------------
# ----------------------------------------------------------
# TIME: 36726, [INFO] Read data at addr: 12'h008, data: 32'hf60000ed
# ----------------------------------------------------------
# ----------------------------------------------------------
# [32mTime: 36726, PASS data correct | Exp: f60000ed, Act: f60000ed[0m
# ----------------------------------------------------------
# ----------------------------------------------------------
# TIME: 36926, [INFO] Read data at addr: 12'h008, data: 32'hf60000ed
# ----------------------------------------------------------
# ----------------------------------------------------------
# TIME: 36926, [INFO] Write data at addr: 12'h008, data: 32'hb29fb665, pstrb: 4'b1010
# ----------------------------------------------------------
# ----------------------------------------------------------
# TIME: 37326, [INFO] Read data at addr: 12'h008, data: 32'hb200b6ed
# ----------------------------------------------------------
# ----------------------------------------------------------
# [32mTime: 37326, PASS data correct | Exp: b200b6ed, Act: b200b6ed[0m
# ----------------------------------------------------------
# ----------------------------------------------------------
# TIME: 37526, [INFO] Read data at addr: 12'h008, data: 32'hb200b6ed
# ----------------------------------------------------------
# ----------------------------------------------------------
# TIME: 37526, [INFO] Write data at addr: 12'h008, data: 32'hefbe94df, pstrb: 4'b0101
# ----------------------------------------------------------
# ----------------------------------------------------------
# TIME: 37926, [INFO] Read data at addr: 12'h008, data: 32'hb2beb6df
# ----------------------------------------------------------
# ----------------------------------------------------------
# [32mTime: 37926, PASS data correct | Exp: b2beb6df, Act: b2beb6df[0m
# ----------------------------------------------------------
# ----------------------------------------------------------
# TIME: 38126, [INFO] Read data at addr: 12'h008, data: 32'hb2beb6df
# ----------------------------------------------------------
# ----------------------------------------------------------
# TIME: 38126, [INFO] Write data at addr: 12'h008, data: 32'h2231ff44, pstrb: 4'b1001
# ----------------------------------------------------------
# ----------------------------------------------------------
# TIME: 38526, [INFO] Read data at addr: 12'h008, data: 32'h22beb644
# ----------------------------------------------------------
# ----------------------------------------------------------
# [32mTime: 38526, PASS data correct | Exp: 22beb644, Act: 22beb644[0m
# ----------------------------------------------------------
# ----------------------------------------------------------
# TIME: 38726, [INFO] Read data at addr: 12'h008, data: 32'h22beb644
# ----------------------------------------------------------
# ----------------------------------------------------------
# TIME: 38726, [INFO] Write data at addr: 12'h008, data: 32'h15090b2a, pstrb: 4'b0000
# ----------------------------------------------------------
# ----------------------------------------------------------
# TIME: 39126, [INFO] Read data at addr: 12'h008, data: 32'h22beb644
# ----------------------------------------------------------
# ----------------------------------------------------------
# [32mTime: 39126, PASS data correct | Exp: 22beb644, Act: 22beb644[0m
# ----------------------------------------------------------
# ----------------------------------------------------------
# TIME: 39326, [INFO] Read data at addr: 12'h008, data: 32'h22beb644
# ----------------------------------------------------------
# ----------------------------------------------------------
# TIME: 39326, [INFO] Write data at addr: 12'h008, data: 32'h076fcf0e, pstrb: 4'b1011
# ----------------------------------------------------------
# ----------------------------------------------------------
# TIME: 39726, [INFO] Read data at addr: 12'h008, data: 32'h07becf0e
# ----------------------------------------------------------
# ----------------------------------------------------------
# [32mTime: 39726, PASS data correct | Exp: 07becf0e, Act: 07becf0e[0m
# ----------------------------------------------------------
# ----------------------------------------------------------
# TIME: 39926, [INFO] Read data at addr: 12'h008, data: 32'h07becf0e
# ----------------------------------------------------------
# ----------------------------------------------------------
# TIME: 39926, [INFO] Write data at addr: 12'h008, data: 32'hcd5ebc9a, pstrb: 4'b1100
# ----------------------------------------------------------
# ----------------------------------------------------------
# TIME: 40326, [INFO] Read data at addr: 12'h008, data: 32'hcd5ecf0e
# ----------------------------------------------------------
# ----------------------------------------------------------
# [32mTime: 40326, PASS data correct | Exp: cd5ecf0e, Act: cd5ecf0e[0m
# ----------------------------------------------------------
# ----------------------------------------------------------
# TIME: 40526, [INFO] Read data at addr: 12'h008, data: 32'hcd5ecf0e
# ----------------------------------------------------------
# ----------------------------------------------------------
# TIME: 40526, [INFO] Write data at addr: 12'h008, data: 32'he1f102c3, pstrb: 4'b1101
# ----------------------------------------------------------
# ----------------------------------------------------------
# TIME: 40926, [INFO] Read data at addr: 12'h008, data: 32'he1f1cfc3
# ----------------------------------------------------------
# ----------------------------------------------------------
# [32mTime: 40926, PASS data correct | Exp: e1f1cfc3, Act: e1f1cfc3[0m
# ----------------------------------------------------------
# ----------------------------------------------------------
# TIME: 41126, [INFO] Read data at addr: 12'h008, data: 32'he1f1cfc3
# ----------------------------------------------------------
# ----------------------------------------------------------
# TIME: 41126, [INFO] Write data at addr: 12'h008, data: 32'h2779e94e, pstrb: 4'b0110
# ----------------------------------------------------------
# ----------------------------------------------------------
# TIME: 41526, [INFO] Read data at addr: 12'h008, data: 32'he179e9c3
# ----------------------------------------------------------
# ----------------------------------------------------------
# [32mTime: 41526, PASS data correct | Exp: e179e9c3, Act: e179e9c3[0m
# ----------------------------------------------------------
# ----------------------------------------------------------
# TIME: 41726, [INFO] Read data at addr: 12'h008, data: 32'he179e9c3
# ----------------------------------------------------------
# ----------------------------------------------------------
# TIME: 41726, [INFO] Write data at addr: 12'h008, data: 32'h8531340a, pstrb: 4'b0111
# ----------------------------------------------------------
# ----------------------------------------------------------
# TIME: 42126, [INFO] Read data at addr: 12'h008, data: 32'he131340a
# ----------------------------------------------------------
# ----------------------------------------------------------
# [32mTime: 42126, PASS data correct | Exp: e131340a, Act: e131340a[0m
# ----------------------------------------------------------
# ----------------------------------------------------------
# TIME: 42326, [INFO] Read data at addr: 12'h008, data: 32'he131340a
# ----------------------------------------------------------
# ----------------------------------------------------------
# TIME: 42326, [INFO] Write data at addr: 12'h008, data: 32'h9c0e8a38, pstrb: 4'b0110
# ----------------------------------------------------------
# ----------------------------------------------------------
# TIME: 42726, [INFO] Read data at addr: 12'h008, data: 32'he10e8a0a
# ----------------------------------------------------------
# ----------------------------------------------------------
# [32mTime: 42726, PASS data correct | Exp: e10e8a0a, Act: e10e8a0a[0m
# ----------------------------------------------------------
# ----------------------------------------------------------
# TIME: 42926, [INFO] Read data at addr: 12'h008, data: 32'he10e8a0a
# ----------------------------------------------------------
# ----------------------------------------------------------
# TIME: 42926, [INFO] Write data at addr: 12'h008, data: 32'hdc2bc4b8, pstrb: 4'b1001
# ----------------------------------------------------------
# ----------------------------------------------------------
# TIME: 43326, [INFO] Read data at addr: 12'h008, data: 32'hdc0e8ab8
# ----------------------------------------------------------
# ----------------------------------------------------------
# [32mTime: 43326, PASS data correct | Exp: dc0e8ab8, Act: dc0e8ab8[0m
# ----------------------------------------------------------
# ----------------------------------------------------------
# TIME: 43526, [INFO] Read data at addr: 12'h008, data: 32'hdc0e8ab8
# ----------------------------------------------------------
# ----------------------------------------------------------
# TIME: 43526, [INFO] Write data at addr: 12'h008, data: 32'h49c65d93, pstrb: 4'b0100
# ----------------------------------------------------------
# ----------------------------------------------------------
# TIME: 43926, [INFO] Read data at addr: 12'h008, data: 32'hdcc68ab8
# ----------------------------------------------------------
# ----------------------------------------------------------
# [32mTime: 43926, PASS data correct | Exp: dcc68ab8, Act: dcc68ab8[0m
# ----------------------------------------------------------
# ----------------------------------------------------------
# TIME: 44126, [INFO] Read data at addr: 12'h008, data: 32'hdcc68ab8
# ----------------------------------------------------------
# ----------------------------------------------------------
# TIME: 44126, [INFO] Write data at addr: 12'h008, data: 32'hacb7ca59, pstrb: 4'b0100
# ----------------------------------------------------------
# ----------------------------------------------------------
# TIME: 44526, [INFO] Read data at addr: 12'h008, data: 32'hdcb78ab8
# ----------------------------------------------------------
# ----------------------------------------------------------
# [32mTime: 44526, PASS data correct | Exp: dcb78ab8, Act: dcb78ab8[0m
# ----------------------------------------------------------
# ----------------------------------------------------------
# TIME: 44726, [INFO] Read data at addr: 12'h008, data: 32'hdcb78ab8
# ----------------------------------------------------------
# ----------------------------------------------------------
# TIME: 44726, [INFO] Write data at addr: 12'h008, data: 32'ha6fcde4d, pstrb: 4'b1011
# ----------------------------------------------------------
# ----------------------------------------------------------
# TIME: 45126, [INFO] Read data at addr: 12'h008, data: 32'ha6b7de4d
# ----------------------------------------------------------
# ----------------------------------------------------------
# [32mTime: 45126, PASS data correct | Exp: a6b7de4d, Act: a6b7de4d[0m
# ----------------------------------------------------------
# ----------------------------------------------------------
# TIME: 45326, [INFO] Read data at addr: 12'h008, data: 32'ha6b7de4d
# ----------------------------------------------------------
# ----------------------------------------------------------
# TIME: 45326, [INFO] Write data at addr: 12'h008, data: 32'hb6a4266d, pstrb: 4'b1001
# ----------------------------------------------------------
# ----------------------------------------------------------
# TIME: 45726, [INFO] Read data at addr: 12'h008, data: 32'hb6b7de6d
# ----------------------------------------------------------
# ----------------------------------------------------------
# [32mTime: 45726, PASS data correct | Exp: b6b7de6d, Act: b6b7de6d[0m
# ----------------------------------------------------------
# ----------------------------------------------------------
# TIME: 45926, [INFO] Read data at addr: 12'h008, data: 32'hb6b7de6d
# ----------------------------------------------------------
# ----------------------------------------------------------
# TIME: 45926, [INFO] Write data at addr: 12'h008, data: 32'h653b49ca, pstrb: 4'b0110
# ----------------------------------------------------------
# ----------------------------------------------------------
# TIME: 46326, [INFO] Read data at addr: 12'h008, data: 32'hb63b496d
# ----------------------------------------------------------
# ----------------------------------------------------------
# [32mTime: 46326, PASS data correct | Exp: b63b496d, Act: b63b496d[0m
# ----------------------------------------------------------
# ----------------------------------------------------------
# TIME: 46526, [INFO] Read data at addr: 12'h008, data: 32'hb63b496d
# ----------------------------------------------------------
# ----------------------------------------------------------
# TIME: 46526, [INFO] Write data at addr: 12'h008, data: 32'h4a937195, pstrb: 4'b0110
# ----------------------------------------------------------
# ----------------------------------------------------------
# TIME: 46926, [INFO] Read data at addr: 12'h008, data: 32'hb693716d
# ----------------------------------------------------------
# ----------------------------------------------------------
# [32mTime: 46926, PASS data correct | Exp: b693716d, Act: b693716d[0m
# ----------------------------------------------------------
# ----------------------------------------------------------
# TIME: 47126, [INFO] Read data at addr: 12'h008, data: 32'hb693716d
# ----------------------------------------------------------
# ----------------------------------------------------------
# TIME: 47126, [INFO] Write data at addr: 12'h008, data: 32'h02749b04, pstrb: 4'b0110
# ----------------------------------------------------------
# ----------------------------------------------------------
# TIME: 47526, [INFO] Read data at addr: 12'h008, data: 32'hb6749b6d
# ----------------------------------------------------------
# ----------------------------------------------------------
# [32mTime: 47526, PASS data correct | Exp: b6749b6d, Act: b6749b6d[0m
# ----------------------------------------------------------
# ----------------------------------------------------------
# TIME: 47726, [INFO] Read data at addr: 12'h008, data: 32'hb6749b6d
# ----------------------------------------------------------
# ----------------------------------------------------------
# TIME: 47726, [INFO] Write data at addr: 12'h008, data: 32'h34980769, pstrb: 4'b0111
# ----------------------------------------------------------
# ----------------------------------------------------------
# TIME: 48126, [INFO] Read data at addr: 12'h008, data: 32'hb6980769
# ----------------------------------------------------------
# ----------------------------------------------------------
# [32mTime: 48126, PASS data correct | Exp: b6980769, Act: b6980769[0m
# ----------------------------------------------------------
# PASS TESTCASE
# ** Note: $finish    : ../tb/test_bench.v(94)
#    Time: 48226 ns  Iteration: 0  Instance: /test_bench
# Saving coverage database on exit...
# End time: 23:59:09 on Dec 13,2025, Elapsed time: 0:00:01
# Errors: 0, Warnings: 0
