# vsim -coverage -l apb_rw.log -c test_bench -voptargs="+cover=bcesft" -assertdebug -do "coverage save -onexit apb_rw.ucdb; log -r /*;run -all" 
# Start time: 23:59:38 on Dec 13,2025
# ** Note: (vsim-3813) Design is being optimized due to module recompilation...
# //  Questa Intel Starter FPGA Edition-64
# //  Version 2024.3 linux_x86_64 Sep 10 2024
# //
# // Unpublished work. Copyright 2024 Siemens
# //
# // This material contains trade secrets or otherwise confidential information
# // owned by Siemens Industry Software Inc. or its affiliates (collectively,
# // "SISW"), or its licensors. Access to and use of this information is strictly
# // limited as set forth in the Customer's applicable agreements with SISW.
# //
# // This material may not be copied, distributed, or otherwise disclosed outside
# // of the Customer's facilities without the express written permission of SISW,
# // and may not be used in any way not expressly authorized by SISW.
# //
# Loading work.test_bench(fast)
# coverage save -onexit apb_rw.ucdb
#  log -r /*
# run -all
# =================================================================
# TESTCASE: APB PROTOCOL
# =================================================================
# ----------------------------------------------------------
# TIME: 226, Write not valid when error at addr: 12'h004, data: 32'hffffffff
# ----------------------------------------------------------
# ----------------------------------------------------------
# TIME: 426, Read valid at addr: 12'h004, data: 32'h00000000
# ----------------------------------------------------------
# ----------------------------------------------------------
# [32mTime: 476, PASS data correct | Exp: 00000000, Act: 00000000[0m
# ----------------------------------------------------------
# ----------------------------------------------------------
# TIME: 625, Write valid at addr: 12'h004, data: 32'hffffffff
# ----------------------------------------------------------
# ----------------------------------------------------------
# TIME: 826, Read valid at addr: 12'h004, data: 32'hffffffff
# ----------------------------------------------------------
# ----------------------------------------------------------
# [32mTime: 876, PASS data correct | Exp: ffffffff, Act: ffffffff[0m
# ----------------------------------------------------------
# ----------------------------------------------------------
# TIME: 976, Read not valid when error at addr: 12'h004
# ----------------------------------------------------------
# ----------------------------------------------------------
# [32mTime: 1026, PASS data correct | Exp: 00000000, Act: 00000000[0m
# ----------------------------------------------------------
# ----------------------------------------------------------
# TIME: 1126, Write not valid when error at addr: 12'h000, data: 32'h00000302
# ----------------------------------------------------------
# ----------------------------------------------------------
# TIME: 1326, Read valid at addr: 12'h000, data: 32'h00000100
# ----------------------------------------------------------
# ----------------------------------------------------------
# [32mTime: 1376, PASS data correct | Exp: 00000100, Act: 00000100[0m
# ----------------------------------------------------------
# ----------------------------------------------------------
# TIME: 1525, Write valid at addr: 12'h000, data: 32'h00000302
# ----------------------------------------------------------
# ----------------------------------------------------------
# TIME: 1726, Read valid at addr: 12'h000, data: 32'h00000302
# ----------------------------------------------------------
# ----------------------------------------------------------
# [32mTime: 1776, PASS data correct | Exp: 00000302, Act: 00000302[0m
# ----------------------------------------------------------
# ----------------------------------------------------------
# TIME: 1925, Write valid at addr: 12'h000, data: 32'h00000300
# ----------------------------------------------------------
# ----------------------------------------------------------
# TIME: 2076, Read not valid when error at addr: 12'h008
# ----------------------------------------------------------
# ----------------------------------------------------------
# [32mTime: 2126, PASS data correct | Exp: 00000000, Act: 00000000[0m
# ----------------------------------------------------------
# ----------------------------------------------------------
# TIME: 2276, Read valid at addr: 12'h000, data: 32'h00000300
# ----------------------------------------------------------
# ----------------------------------------------------------
# [32mTime: 2326, PASS data correct | Exp: 00000300, Act: 00000300[0m
# ----------------------------------------------------------
# PASS TESTCASE
# ** Note: $finish    : ../tb/test_bench.v(94)
#    Time: 2426 ns  Iteration: 0  Instance: /test_bench
# Saving coverage database on exit...
# End time: 23:59:39 on Dec 13,2025, Elapsed time: 0:00:01
# Errors: 0, Warnings: 0
