# vsim -coverage -l apb_pslverr.log -c test_bench -voptargs="+cover=bcesft" -assertdebug -do "coverage save -onexit apb_pslverr.ucdb; log -r /*;run -all" 
# Start time: 23:59:34 on Dec 13,2025
# ** Note: (vsim-3813) Design is being optimized due to module recompilation...
# //  Questa Intel Starter FPGA Edition-64
# //  Version 2024.3 linux_x86_64 Sep 10 2024
# //
# // Unpublished work. Copyright 2024 Siemens
# //
# // This material contains trade secrets or otherwise confidential information
# // owned by Siemens Industry Software Inc. or its affiliates (collectively,
# // "SISW"), or its licensors. Access to and use of this information is strictly
# // limited as set forth in the Customer's applicable agreements with SISW.
# //
# // This material may not be copied, distributed, or otherwise disclosed outside
# // of the Customer's facilities without the express written permission of SISW,
# // and may not be used in any way not expressly authorized by SISW.
# //
# Loading work.test_bench(fast)
# coverage save -onexit apb_pslverr.ucdb
#  log -r /*
# run -all
# ===================================================================
# TESTCASE: CHECK PSLAVE ERROR
# ===================================================================
# ----------------------------------------------------------
# TIME: 160, [INFO] Write data at addr: 12'h000, data: 32'h00000001, pstrb: 4'b0001
# ----------------------------------------------------------
# ----------------------------------------------------------
# TIME: 526, [INFO] Read data at addr: 12'h000, data: 32'h00000101
# ----------------------------------------------------------
# ----------------------------------------------------------
# [32mTime: 526, PASS data correct | Exp: 00000101, Act: 00000101[0m
# ----------------------------------------------------------
# ----------------------------------------------------------
# TIME: 726, [INFO] Read data at addr: 12'h000, data: 32'h00000101
# ----------------------------------------------------------
# ----------------------------------------------------------
# TIME: 726, [INFO] Write data at addr: 12'h000, data: 32'h00000003, pstrb: 4'b0001
# ----------------------------------------------------------
# ----------------------------------------------------------
# [32mTIME: 875, PASS | pslave error is asserted | pslverr = 1[0m
# ----------------------------------------------------------
# ----------------------------------------------------------
# TIME: 1126, [INFO] Read data at addr: 12'h000, data: 32'h00000101
# ----------------------------------------------------------
# ----------------------------------------------------------
# [32mTime: 1126, PASS data correct | Exp: 00000101, Act: 00000101[0m
# ----------------------------------------------------------
# ----------------------------------------------------------
# TIME: 1326, [INFO] Read data at addr: 12'h000, data: 32'h00000101
# ----------------------------------------------------------
# ----------------------------------------------------------
# TIME: 1326, [INFO] Write data at addr: 12'h000, data: 32'h00000003, pstrb: 4'b1000
# ----------------------------------------------------------
# ----------------------------------------------------------
# TIME: 1475, Write valid in TCR
# ----------------------------------------------------------
# ----------------------------------------------------------
# TIME: 1726, [INFO] Read data at addr: 12'h000, data: 32'h00000101
# ----------------------------------------------------------
# ----------------------------------------------------------
# TIME: 1726, [INFO] Write data at addr: 12'h000, data: 32'h00000a01, pstrb: 4'b1000
# ----------------------------------------------------------
# ----------------------------------------------------------
# TIME: 1875, Write valid in TCR
# ----------------------------------------------------------
# ----------------------------------------------------------
# TIME: 2126, [INFO] Read data at addr: 12'h000, data: 32'h00000101
# ----------------------------------------------------------
# ----------------------------------------------------------
# TIME: 2126, [INFO] Write data at addr: 12'h000, data: 32'h00000801, pstrb: 4'b0010
# ----------------------------------------------------------
# ----------------------------------------------------------
# [32mTIME: 2275, PASS | pslave error is asserted | pslverr = 1[0m
# ----------------------------------------------------------
# ----------------------------------------------------------
# TIME: 2526, [INFO] Read data at addr: 12'h000, data: 32'h00000101
# ----------------------------------------------------------
# ----------------------------------------------------------
# [32mTime: 2526, PASS data correct | Exp: 00000101, Act: 00000101[0m
# ----------------------------------------------------------
# ----------------------------------------------------------
# TIME: 2526, [INFO] Write data at addr: 12'h000, data: 32'h00000000, pstrb: 4'b0001
# ----------------------------------------------------------
# ----------------------------------------------------------
# TIME: 2926, [INFO] Read data at addr: 12'h000, data: 32'h00000100
# ----------------------------------------------------------
# ----------------------------------------------------------
# TIME: 2926, [INFO] Write data at addr: 12'h000, data: 32'h00000a00, pstrb: 4'b0010
# ----------------------------------------------------------
# ----------------------------------------------------------
# [32mTIME: 3075, PASS | pslave error is asserted | pslverr = 1[0m
# ----------------------------------------------------------
# ----------------------------------------------------------
# TIME: 3326, [INFO] Read data at addr: 12'h000, data: 32'h00000100
# ----------------------------------------------------------
# ----------------------------------------------------------
# [32mTime: 3326, PASS data correct | Exp: 00000100, Act: 00000100[0m
# ----------------------------------------------------------
# PASS TESTCASE
# ** Note: $finish    : ../tb/test_bench.v(94)
#    Time: 3426 ns  Iteration: 0  Instance: /test_bench
# Saving coverage database on exit...
# End time: 23:59:35 on Dec 13,2025, Elapsed time: 0:00:01
# Errors: 0, Warnings: 0
