# vsim -coverage -l check_interrupt.log -c test_bench -voptargs="+cover=bcesft" -assertdebug -do "coverage save -onexit check_interrupt.ucdb; log -r /*;run -all" 
# Start time: 23:59:10 on Dec 13,2025
# ** Note: (vsim-3813) Design is being optimized due to module recompilation...
# //  Questa Intel Starter FPGA Edition-64
# //  Version 2024.3 linux_x86_64 Sep 10 2024
# //
# // Unpublished work. Copyright 2024 Siemens
# //
# // This material contains trade secrets or otherwise confidential information
# // owned by Siemens Industry Software Inc. or its affiliates (collectively,
# // "SISW"), or its licensors. Access to and use of this information is strictly
# // limited as set forth in the Customer's applicable agreements with SISW.
# //
# // This material may not be copied, distributed, or otherwise disclosed outside
# // of the Customer's facilities without the express written permission of SISW,
# // and may not be used in any way not expressly authorized by SISW.
# //
# Loading work.test_bench(fast)
# coverage save -onexit check_interrupt.ucdb
#  log -r /*
# run -all
# ====================================================
# TESTCASE: CHECK INTERRUPT
# ====================================================
# ----------------------------------------------------------
# TIME: 160, [INFO] Write data at addr: 12'h004, data: 32'h0000ffff, pstrb: 4'b0011
# ----------------------------------------------------------
# ----------------------------------------------------------
# TIME: 526, [INFO] Read data at addr: 12'h004, data: 32'h0000ffff
# ----------------------------------------------------------
# ----------------------------------------------------------
# [32mTime: 526, PASS data correct | Exp: 0000ffff, Act: 0000ffff[0m
# ----------------------------------------------------------
# ----------------------------------------------------------
# TIME: 526, [INFO] Write data at addr: 12'h014, data: 32'h00000001, pstrb: 4'b0001
# ----------------------------------------------------------
# ----------------------------------------------------------
# TIME: 726, [INFO] Write data at addr: 12'h010, data: 32'h00000000, pstrb: 4'b1111
# ----------------------------------------------------------
# ----------------------------------------------------------
# TIME: 1126, [INFO] Read data at addr: 12'h010, data: 32'h00000000
# ----------------------------------------------------------
# ----------------------------------------------------------
# [32mTime: 1126, PASS data correct | Exp: 00000000, Act: 00000000[0m
# ----------------------------------------------------------
# ----------------------------------------------------------
# TIME: 1126, [INFO] Write data at addr: 12'h00c, data: 32'h0001ffff, pstrb: 4'b1111
# ----------------------------------------------------------
# ----------------------------------------------------------
# TIME: 1526, [INFO] Read data at addr: 12'h00c, data: 32'h0001ffff
# ----------------------------------------------------------
# ----------------------------------------------------------
# [32mTime: 1526, PASS data correct | Exp: 0001ffff, Act: 0001ffff[0m
# ----------------------------------------------------------
# ----------------------------------------------------------
# TIME: 1526, [INFO] Write data at addr: 12'h000, data: 32'h00000001, pstrb: 4'b0001
# ----------------------------------------------------------
# ------------------------------------------------------------
# [32mTIME: 3281725 PASS: Timer interrupt is asserted[0m
# ------------------------------------------------------------
# ----------------------------------------------------------
# TIME: 3281926, [INFO] Read data at addr: 12'h018, data: 32'h00000001
# ----------------------------------------------------------
# ----------------------------------------------------------
# [32mTime: 3281926, PASS data correct | Exp: 00000001, Act: 00000001[0m
# ----------------------------------------------------------
# ----------------------------------------------------------
# TIME: 3281926, [INFO] Write data at addr: 12'h014, data: 32'h00000000, pstrb: 4'b0001
# ----------------------------------------------------------
# ------------------------------------------------------------
# [32mTIME: 3282126 PASS: Timer interrupt is deasserted[0m
# ------------------------------------------------------------
# ----------------------------------------------------------
# TIME: 3282326, [INFO] Read data at addr: 12'h018, data: 32'h00000001
# ----------------------------------------------------------
# ----------------------------------------------------------
# [32mTime: 3282326, PASS data correct | Exp: 00000001, Act: 00000001[0m
# ----------------------------------------------------------
# ----------------------------------------------------------
# TIME: 3282326, [INFO] Write data at addr: 12'h018, data: 32'h00000000, pstrb: 4'b0001
# ----------------------------------------------------------
# ----------------------------------------------------------
# TIME: 3282726, [INFO] Read data at addr: 12'h018, data: 32'h00000001
# ----------------------------------------------------------
# ----------------------------------------------------------
# [32mTime: 3282726, PASS data correct | Exp: 00000001, Act: 00000001[0m
# ----------------------------------------------------------
# ----------------------------------------------------------
# TIME: 3282726, [INFO] Write data at addr: 12'h018, data: 32'h00000001, pstrb: 4'b0001
# ----------------------------------------------------------
# ----------------------------------------------------------
# TIME: 3283126, [INFO] Read data at addr: 12'h018, data: 32'h00000000
# ----------------------------------------------------------
# ----------------------------------------------------------
# [32mTime: 3283126, PASS data correct | Exp: 00000000, Act: 00000000[0m
# ----------------------------------------------------------
# PASS TESTCASE
# ** Note: $finish    : ../tb/test_bench.v(94)
#    Time: 3283226 ns  Iteration: 0  Instance: /test_bench
# Saving coverage database on exit...
# End time: 23:59:14 on Dec 13,2025, Elapsed time: 0:00:04
# Errors: 0, Warnings: 0
