# vsim -coverage -l clear_counter.log -c test_bench -voptargs="+cover=bcesft" -assertdebug -do "coverage save -onexit clear_counter.ucdb; log -r /*;run -all" 
# Start time: 23:59:15 on Dec 13,2025
# ** Note: (vsim-3813) Design is being optimized due to module recompilation...
# //  Questa Intel Starter FPGA Edition-64
# //  Version 2024.3 linux_x86_64 Sep 10 2024
# //
# // Unpublished work. Copyright 2024 Siemens
# //
# // This material contains trade secrets or otherwise confidential information
# // owned by Siemens Industry Software Inc. or its affiliates (collectively,
# // "SISW"), or its licensors. Access to and use of this information is strictly
# // limited as set forth in the Customer's applicable agreements with SISW.
# //
# // This material may not be copied, distributed, or otherwise disclosed outside
# // of the Customer's facilities without the express written permission of SISW,
# // and may not be used in any way not expressly authorized by SISW.
# //
# Loading work.test_bench(fast)
# ** Warning: (vsim-PLI-3003) [TOFD] - System task or function '$dislpay' is not defined.
#    Time: 0 ns  Iteration: 0  Region: /test_bench/run_test File: run_test.v Line: 43
# coverage save -onexit clear_counter.ucdb
#  log -r /*
# run -all
# =====================================================
# TESTCASE: CHECK CLEAR COUNTER
# =====================================================
# ----------------------------------------------------------
# TIME: 160, [INFO] Write data at addr: 12'h000, data: 32'h00000001, pstrb: 4'b0001
# ----------------------------------------------------------
# ----------------------------------------------------------
# TIME: 5526, [INFO] Read data at addr: 12'h004, data: 32'h00000067
# ----------------------------------------------------------
# ----------------------------------------------------------
# [32mTIME: 5526, PASS | Counter count up | Count value = 67[0m
# ----------------------------------------------------------
# ----------------------------------------------------------
# TIME: 5526, [INFO] Write data at addr: 12'h000, data: 32'h00000000, pstrb: 4'b0001
# ----------------------------------------------------------
# ----------------------------------------------------------
# TIME: 5926, [INFO] Read data at addr: 12'h004, data: 32'h00000000
# ----------------------------------------------------------
# ----------------------------------------------------------
# [32mTIME: 5926, PASS | Counter clear | Count value = 0[0m
# ----------------------------------------------------------
# PASS TESTCASE
# ** Note: $finish    : ../tb/test_bench.v(94)
#    Time: 6026 ns  Iteration: 0  Instance: /test_bench
# Saving coverage database on exit...
# End time: 23:59:16 on Dec 13,2025, Elapsed time: 0:00:01
# Errors: 0, Warnings: 1
