# vsim -debugDB -l counting_control_mode_diff.log -voptargs="+acc" -assertdebug -c test_bench -do "log -r /*;run -all;" -GMEALY_FSM=0 
# Start time: 00:03:59 on Dec 14,2025
# ** Note: (vsim-3812) Design is being optimized...
# ** Note: (vsim-8611) Generating debug db.
# ** Warning: (vopt-10908) Some optimizations are turned off because the +acc switch is in effect.
# ** Warning: (vopt-3040) Command line generic/parameter "MEALY_FSM" not found in design.
# ** Note: (vsim-12126) Error and warning message counts have been restored: Errors=0, Warnings=2.
# //  Questa Intel Starter FPGA Edition-64
# //  Version 2024.3 linux_x86_64 Sep 10 2024
# //
# // Unpublished work. Copyright 2024 Siemens
# //
# // This material contains trade secrets or otherwise confidential information
# // owned by Siemens Industry Software Inc. or its affiliates (collectively,
# // "SISW"), or its licensors. Access to and use of this information is strictly
# // limited as set forth in the Customer's applicable agreements with SISW.
# //
# // This material may not be copied, distributed, or otherwise disclosed outside
# // of the Customer's facilities without the express written permission of SISW,
# // and may not be used in any way not expressly authorized by SISW.
# //
# Loading work.test_bench(fast)
# Loading work.top(fast)
# Loading work.APB_Slave(fast)
# Loading work.Register(fast)
# Loading work.Counter_control(fast)
# Loading work.Counter(fast)
# Loading work.Interrupt(fast)
# Loading work.golden_counter(fast)
# ** Note: (vsim-8900) Creating design debug database vsim.dbg.
# log -r /*
# run -all
# =============================================================
# TESTCASE: COUNTING MODE DIV != 0
# =============================================================
# ----------------------------------------------------------
# TIME: 160, [INFO] Write data at addr: 12'h000, data: 32'h00000003, pstrb: 4'b1111
# ----------------------------------------------------------
# ----------------------------------------------------------
# TIME: 526, [INFO] Read data at addr: 12'h000, data: 32'h00000003
# ----------------------------------------------------------
# ----------------------------------------------------------
# [32mTime: 526, PASS data correct | Exp: 00000003, Act: 00000003[0m
# ----------------------------------------------------------
# ----------------------------------------------------------
# TIME: 526, [INFO] Write data at addr: 12'h000, data: 32'h00000002, pstrb: 4'b0001
# ----------------------------------------------------------
# ----------------------------------------------------------
# TIME: 926, [INFO] Read data at addr: 12'h000, data: 32'h00000002
# ----------------------------------------------------------
# ----------------------------------------------------------
# [32mTime: 926, PASS data correct | Exp: 00000002, Act: 00000002[0m
# ----------------------------------------------------------
# ----------------------------------------------------------
# TIME: 926, [INFO] Write data at addr: 12'h000, data: 32'h00000802, pstrb: 4'b1111
# ----------------------------------------------------------
# ----------------------------------------------------------
# TIME: 1326, [INFO] Read data at addr: 12'h000, data: 32'h00000802
# ----------------------------------------------------------
# ----------------------------------------------------------
# [32mTime: 1326, PASS data correct | Exp: 00000802, Act: 00000802[0m
# ----------------------------------------------------------
# ----------------------------------------------------------
# TIME: 1326, [INFO] Write data at addr: 12'h000, data: 32'h00000803, pstrb: 4'b1111
# ----------------------------------------------------------
# ----------------------------------------------------------
# TIME: 1726, [INFO] Read data at addr: 12'h000, data: 32'h00000803
# ----------------------------------------------------------
# ----------------------------------------------------------
# [32mTime: 1726, PASS data correct | Exp: 00000803, Act: 00000803[0m
# ----------------------------------------------------------
# ----------------------------------------------------------
# TIME: 1726, [INFO] Write data at addr: 12'h000, data: 32'h00000802, pstrb: 4'b0001
# ----------------------------------------------------------
# ----------------------------------------------------------
# TIME: 2126, [INFO] Read data at addr: 12'h000, data: 32'h00000802
# ----------------------------------------------------------
# ----------------------------------------------------------
# [32mTime: 2126, PASS data correct | Exp: 00000802, Act: 00000802[0m
# ----------------------------------------------------------
# ----------------------------------------------------------
# TIME: 2126, [INFO] Write data at addr: 12'h000, data: 32'h00000003, pstrb: 4'b1111
# ----------------------------------------------------------
# ----------------------------------------------------------
# TIME: 15125, [INFO] Write data at addr: 12'h01c, data: 32'h00000001, pstrb: 4'b0001
# ----------------------------------------------------------
# ----------------------------------------------------------
# TIME: 15526, [INFO] Read data at addr: 12'h004, data: 32'h00000104
# ----------------------------------------------------------
# ----------------------------------------------------------
# [32mTIME: 15526, PASS | Mode 0000 work properly | Count value = 104, Count expect = 104[0m
# ----------------------------------------------------------
# ----------------------------------------------------------
# TIME: 15526, [INFO] Write data at addr: 12'h01c, data: 32'h00000000, pstrb: 4'b0001
# ----------------------------------------------------------
# ----------------------------------------------------------
# TIME: 41325, [INFO] Write data at addr: 12'h01c, data: 32'h00000001, pstrb: 4'b0001
# ----------------------------------------------------------
# ----------------------------------------------------------
# TIME: 41726, [INFO] Read data at addr: 12'h004, data: 32'h00000308
# ----------------------------------------------------------
# ----------------------------------------------------------
# [32mTIME: 41726, PASS | Timer count correct, count after halted | Count value = 308, Count expect = 308[0m
# ----------------------------------------------------------
# ----------------------------------------------------------
# TIME: 41726, [INFO] Write data at addr: 12'h000, data: 32'h00000002, pstrb: 4'b0001
# ----------------------------------------------------------
# ----------------------------------------------------------
# TIME: 41926, [INFO] Write data at addr: 12'h01c, data: 32'h00000000, pstrb: 4'b0001
# ----------------------------------------------------------
# ----------------------------------------------------------
# TIME: 42126, [INFO] Write data at addr: 12'h000, data: 32'h00000103, pstrb: 4'b1111
# ----------------------------------------------------------
# ----------------------------------------------------------
# TIME: 55125, [INFO] Write data at addr: 12'h01c, data: 32'h00000001, pstrb: 4'b0001
# ----------------------------------------------------------
# ----------------------------------------------------------
# TIME: 55526, [INFO] Read data at addr: 12'h004, data: 32'h00000082
# ----------------------------------------------------------
# ----------------------------------------------------------
# [32mTIME: 55526, PASS | Mode 0001 work properly | Count value = 82, Count expect = 82[0m
# ----------------------------------------------------------
# ----------------------------------------------------------
# TIME: 55526, [INFO] Write data at addr: 12'h01c, data: 32'h00000000, pstrb: 4'b0001
# ----------------------------------------------------------
# ----------------------------------------------------------
# TIME: 81325, [INFO] Write data at addr: 12'h01c, data: 32'h00000001, pstrb: 4'b0001
# ----------------------------------------------------------
# ----------------------------------------------------------
# TIME: 81726, [INFO] Read data at addr: 12'h004, data: 32'h00000184
# ----------------------------------------------------------
# ----------------------------------------------------------
# [32mTIME: 81726, PASS | Timer count correct, count after halted | Count value = 184, Count expect = 184[0m
# ----------------------------------------------------------
# ----------------------------------------------------------
# TIME: 81726, [INFO] Write data at addr: 12'h000, data: 32'h00000102, pstrb: 4'b0001
# ----------------------------------------------------------
# ----------------------------------------------------------
# TIME: 81926, [INFO] Write data at addr: 12'h01c, data: 32'h00000000, pstrb: 4'b0001
# ----------------------------------------------------------
# ----------------------------------------------------------
# TIME: 82126, [INFO] Write data at addr: 12'h000, data: 32'h00000203, pstrb: 4'b1111
# ----------------------------------------------------------
# ----------------------------------------------------------
# TIME: 95125, [INFO] Write data at addr: 12'h01c, data: 32'h00000001, pstrb: 4'b0001
# ----------------------------------------------------------
# ----------------------------------------------------------
# TIME: 95526, [INFO] Read data at addr: 12'h004, data: 32'h00000041
# ----------------------------------------------------------
# ----------------------------------------------------------
# [32mTIME: 95526, PASS | Mode 0010 work properly | Count value = 41, Count expect = 41[0m
# ----------------------------------------------------------
# ----------------------------------------------------------
# TIME: 95526, [INFO] Write data at addr: 12'h01c, data: 32'h00000000, pstrb: 4'b0001
# ----------------------------------------------------------
# ----------------------------------------------------------
# TIME: 121325, [INFO] Write data at addr: 12'h01c, data: 32'h00000001, pstrb: 4'b0001
# ----------------------------------------------------------
# ----------------------------------------------------------
# TIME: 121726, [INFO] Read data at addr: 12'h004, data: 32'h000000c2
# ----------------------------------------------------------
# ----------------------------------------------------------
# [32mTIME: 121726, PASS | Timer count correct, count after halted | Count value = c2, Count expect = c2[0m
# ----------------------------------------------------------
# ----------------------------------------------------------
# TIME: 121726, [INFO] Write data at addr: 12'h000, data: 32'h00000202, pstrb: 4'b0001
# ----------------------------------------------------------
# ----------------------------------------------------------
# TIME: 121926, [INFO] Write data at addr: 12'h01c, data: 32'h00000000, pstrb: 4'b0001
# ----------------------------------------------------------
# ----------------------------------------------------------
# TIME: 122126, [INFO] Write data at addr: 12'h000, data: 32'h00000303, pstrb: 4'b1111
# ----------------------------------------------------------
# ----------------------------------------------------------
# TIME: 135125, [INFO] Write data at addr: 12'h01c, data: 32'h00000001, pstrb: 4'b0001
# ----------------------------------------------------------
# ----------------------------------------------------------
# TIME: 135526, [INFO] Read data at addr: 12'h004, data: 32'h00000020
# ----------------------------------------------------------
# ----------------------------------------------------------
# [32mTIME: 135526, PASS | Mode 0011 work properly | Count value = 20, Count expect = 20[0m
# ----------------------------------------------------------
# ----------------------------------------------------------
# TIME: 135526, [INFO] Write data at addr: 12'h01c, data: 32'h00000000, pstrb: 4'b0001
# ----------------------------------------------------------
# ----------------------------------------------------------
# TIME: 161325, [INFO] Write data at addr: 12'h01c, data: 32'h00000001, pstrb: 4'b0001
# ----------------------------------------------------------
# ----------------------------------------------------------
# TIME: 161726, [INFO] Read data at addr: 12'h004, data: 32'h00000061
# ----------------------------------------------------------
# ----------------------------------------------------------
# [32mTIME: 161726, PASS | Timer count correct, count after halted | Count value = 61, Count expect = 61[0m
# ----------------------------------------------------------
# ----------------------------------------------------------
# TIME: 161726, [INFO] Write data at addr: 12'h000, data: 32'h00000302, pstrb: 4'b0001
# ----------------------------------------------------------
# ----------------------------------------------------------
# TIME: 161926, [INFO] Write data at addr: 12'h01c, data: 32'h00000000, pstrb: 4'b0001
# ----------------------------------------------------------
# ----------------------------------------------------------
# TIME: 162126, [INFO] Write data at addr: 12'h000, data: 32'h00000403, pstrb: 4'b1111
# ----------------------------------------------------------
# ----------------------------------------------------------
# TIME: 175125, [INFO] Write data at addr: 12'h01c, data: 32'h00000001, pstrb: 4'b0001
# ----------------------------------------------------------
# ----------------------------------------------------------
# TIME: 175526, [INFO] Read data at addr: 12'h004, data: 32'h00000010
# ----------------------------------------------------------
# ----------------------------------------------------------
# [32mTIME: 175526, PASS | Mode 0100 work properly | Count value = 10, Count expect = 10[0m
# ----------------------------------------------------------
# ----------------------------------------------------------
# TIME: 175526, [INFO] Write data at addr: 12'h01c, data: 32'h00000000, pstrb: 4'b0001
# ----------------------------------------------------------
# ----------------------------------------------------------
# TIME: 201325, [INFO] Write data at addr: 12'h01c, data: 32'h00000001, pstrb: 4'b0001
# ----------------------------------------------------------
# ----------------------------------------------------------
# TIME: 201726, [INFO] Read data at addr: 12'h004, data: 32'h00000030
# ----------------------------------------------------------
# ----------------------------------------------------------
# [32mTIME: 201726, PASS | Timer count correct, count after halted | Count value = 30, Count expect = 30[0m
# ----------------------------------------------------------
# ----------------------------------------------------------
# TIME: 201726, [INFO] Write data at addr: 12'h000, data: 32'h00000402, pstrb: 4'b0001
# ----------------------------------------------------------
# ----------------------------------------------------------
# TIME: 201926, [INFO] Write data at addr: 12'h01c, data: 32'h00000000, pstrb: 4'b0001
# ----------------------------------------------------------
# ----------------------------------------------------------
# TIME: 202126, [INFO] Write data at addr: 12'h000, data: 32'h00000503, pstrb: 4'b1111
# ----------------------------------------------------------
# ----------------------------------------------------------
# TIME: 215125, [INFO] Write data at addr: 12'h01c, data: 32'h00000001, pstrb: 4'b0001
# ----------------------------------------------------------
# ----------------------------------------------------------
# TIME: 215526, [INFO] Read data at addr: 12'h004, data: 32'h00000008
# ----------------------------------------------------------
# ----------------------------------------------------------
# [32mTIME: 215526, PASS | Mode 0101 work properly | Count value = 8, Count expect = 8[0m
# ----------------------------------------------------------
# ----------------------------------------------------------
# TIME: 215526, [INFO] Write data at addr: 12'h01c, data: 32'h00000000, pstrb: 4'b0001
# ----------------------------------------------------------
# ----------------------------------------------------------
# TIME: 241325, [INFO] Write data at addr: 12'h01c, data: 32'h00000001, pstrb: 4'b0001
# ----------------------------------------------------------
# ----------------------------------------------------------
# TIME: 241726, [INFO] Read data at addr: 12'h004, data: 32'h00000018
# ----------------------------------------------------------
# ----------------------------------------------------------
# [32mTIME: 241726, PASS | Timer count correct, count after halted | Count value = 18, Count expect = 18[0m
# ----------------------------------------------------------
# ----------------------------------------------------------
# TIME: 241726, [INFO] Write data at addr: 12'h000, data: 32'h00000502, pstrb: 4'b0001
# ----------------------------------------------------------
# ----------------------------------------------------------
# TIME: 241926, [INFO] Write data at addr: 12'h01c, data: 32'h00000000, pstrb: 4'b0001
# ----------------------------------------------------------
# ----------------------------------------------------------
# TIME: 242126, [INFO] Write data at addr: 12'h000, data: 32'h00000603, pstrb: 4'b1111
# ----------------------------------------------------------
# ----------------------------------------------------------
# TIME: 255125, [INFO] Write data at addr: 12'h01c, data: 32'h00000001, pstrb: 4'b0001
# ----------------------------------------------------------
# ----------------------------------------------------------
# TIME: 255526, [INFO] Read data at addr: 12'h004, data: 32'h00000004
# ----------------------------------------------------------
# ----------------------------------------------------------
# [32mTIME: 255526, PASS | Mode 0110 work properly | Count value = 4, Count expect = 4[0m
# ----------------------------------------------------------
# ----------------------------------------------------------
# TIME: 255526, [INFO] Write data at addr: 12'h01c, data: 32'h00000000, pstrb: 4'b0001
# ----------------------------------------------------------
# ----------------------------------------------------------
# TIME: 281325, [INFO] Write data at addr: 12'h01c, data: 32'h00000001, pstrb: 4'b0001
# ----------------------------------------------------------
# ----------------------------------------------------------
# TIME: 281726, [INFO] Read data at addr: 12'h004, data: 32'h0000000c
# ----------------------------------------------------------
# ----------------------------------------------------------
# [32mTIME: 281726, PASS | Timer count correct, count after halted | Count value = c, Count expect = c[0m
# ----------------------------------------------------------
# ----------------------------------------------------------
# TIME: 281726, [INFO] Write data at addr: 12'h000, data: 32'h00000602, pstrb: 4'b0001
# ----------------------------------------------------------
# ----------------------------------------------------------
# TIME: 281926, [INFO] Write data at addr: 12'h01c, data: 32'h00000000, pstrb: 4'b0001
# ----------------------------------------------------------
# ----------------------------------------------------------
# TIME: 282126, [INFO] Write data at addr: 12'h000, data: 32'h00000703, pstrb: 4'b1111
# ----------------------------------------------------------
# ----------------------------------------------------------
# TIME: 295125, [INFO] Write data at addr: 12'h01c, data: 32'h00000001, pstrb: 4'b0001
# ----------------------------------------------------------
# ----------------------------------------------------------
# TIME: 295526, [INFO] Read data at addr: 12'h004, data: 32'h00000002
# ----------------------------------------------------------
# ----------------------------------------------------------
# [32mTIME: 295526, PASS | Mode 0111 work properly | Count value = 2, Count expect = 2[0m
# ----------------------------------------------------------
# ----------------------------------------------------------
# TIME: 295526, [INFO] Write data at addr: 12'h01c, data: 32'h00000000, pstrb: 4'b0001
# ----------------------------------------------------------
# ----------------------------------------------------------
# TIME: 321325, [INFO] Write data at addr: 12'h01c, data: 32'h00000001, pstrb: 4'b0001
# ----------------------------------------------------------
# ----------------------------------------------------------
# TIME: 321726, [INFO] Read data at addr: 12'h004, data: 32'h00000006
# ----------------------------------------------------------
# ----------------------------------------------------------
# [32mTIME: 321726, PASS | Timer count correct, count after halted | Count value = 6, Count expect = 6[0m
# ----------------------------------------------------------
# ----------------------------------------------------------
# TIME: 321726, [INFO] Write data at addr: 12'h000, data: 32'h00000702, pstrb: 4'b0001
# ----------------------------------------------------------
# ----------------------------------------------------------
# TIME: 321926, [INFO] Write data at addr: 12'h01c, data: 32'h00000000, pstrb: 4'b0001
# ----------------------------------------------------------
# ----------------------------------------------------------
# TIME: 322126, [INFO] Write data at addr: 12'h000, data: 32'h00000803, pstrb: 4'b1111
# ----------------------------------------------------------
# ----------------------------------------------------------
# TIME: 335125, [INFO] Write data at addr: 12'h01c, data: 32'h00000001, pstrb: 4'b0001
# ----------------------------------------------------------
# ----------------------------------------------------------
# TIME: 335526, [INFO] Read data at addr: 12'h004, data: 32'h00000001
# ----------------------------------------------------------
# ----------------------------------------------------------
# [32mTIME: 335526, PASS | Mode 1000 work properly | Count value = 1, Count expect = 1[0m
# ----------------------------------------------------------
# ----------------------------------------------------------
# TIME: 335526, [INFO] Write data at addr: 12'h01c, data: 32'h00000000, pstrb: 4'b0001
# ----------------------------------------------------------
# ----------------------------------------------------------
# TIME: 361325, [INFO] Write data at addr: 12'h01c, data: 32'h00000001, pstrb: 4'b0001
# ----------------------------------------------------------
# ----------------------------------------------------------
# TIME: 361726, [INFO] Read data at addr: 12'h004, data: 32'h00000003
# ----------------------------------------------------------
# ----------------------------------------------------------
# [32mTIME: 361726, PASS | Timer count correct, count after halted | Count value = 3, Count expect = 3[0m
# ----------------------------------------------------------
# ----------------------------------------------------------
# TIME: 361726, [INFO] Write data at addr: 12'h000, data: 32'h00000802, pstrb: 4'b0001
# ----------------------------------------------------------
# ----------------------------------------------------------
# TIME: 361926, [INFO] Write data at addr: 12'h01c, data: 32'h00000000, pstrb: 4'b0001
# ----------------------------------------------------------
# PASS TESTCASE
# ** Note: $finish    : ../tb/test_bench.v(94)
#    Time: 362226 ns  Iteration: 0  Instance: /test_bench
# End time: 00:04:00 on Dec 14,2025, Elapsed time: 0:00:01
# Errors: 0, Warnings: 2
