# vsim -coverage -l counting_default_mode.log -c test_bench -voptargs="+cover=bcesft" -assertdebug -do "coverage save -onexit counting_default_mode.ucdb; log -r /*;run -all" 
# Start time: 23:59:21 on Dec 13,2025
# ** Note: (vsim-3813) Design is being optimized due to module recompilation...
# //  Questa Intel Starter FPGA Edition-64
# //  Version 2024.3 linux_x86_64 Sep 10 2024
# //
# // Unpublished work. Copyright 2024 Siemens
# //
# // This material contains trade secrets or otherwise confidential information
# // owned by Siemens Industry Software Inc. or its affiliates (collectively,
# // "SISW"), or its licensors. Access to and use of this information is strictly
# // limited as set forth in the Customer's applicable agreements with SISW.
# //
# // This material may not be copied, distributed, or otherwise disclosed outside
# // of the Customer's facilities without the express written permission of SISW,
# // and may not be used in any way not expressly authorized by SISW.
# //
# Loading work.test_bench(fast)
# coverage save -onexit counting_default_mode.ucdb
#  log -r /*
# run -all
# ==========================================================
# TESTCASE: CHECK COUNTING DEFAULT MODE
# ==========================================================
# ----------------------------------------------------------
# TIME: 160, [INFO] Write data at addr: 12'h000, data: 32'h00000001, pstrb: 4'b1111
# ----------------------------------------------------------
# ----------------------------------------------------------
# TIME: 13125, [INFO] Write data at addr: 12'h01c, data: 32'h00000001, pstrb: 4'b0001
# ----------------------------------------------------------
# ----------------------------------------------------------
# TIME: 13526, [INFO] Read data at addr: 12'h004, data: 32'h00000104
# ----------------------------------------------------------
# ----------------------------------------------------------
# [32mTIME: 13526, PASS | Default mode work properly | Count value = 104, Count expect = 104[0m
# ----------------------------------------------------------
# ----------------------------------------------------------
# TIME: 13526, [INFO] Write data at addr: 12'h01c, data: 32'h00000000, pstrb: 4'b0001
# ----------------------------------------------------------
# ----------------------------------------------------------
# TIME: 26726, [INFO] Read data at addr: 12'h004, data: 32'h00000207
# ----------------------------------------------------------
# ----------------------------------------------------------
# [32mTIME: 26726, PASS | Timer work properly after halted | Count value = 207, Count previous = 104[0m
# ----------------------------------------------------------
# PASS TESTCASE
# ** Note: $finish    : ../tb/test_bench.v(94)
#    Time: 26826 ns  Iteration: 0  Instance: /test_bench
# Saving coverage database on exit...
# End time: 23:59:22 on Dec 13,2025, Elapsed time: 0:00:01
# Errors: 0, Warnings: 0
