# vsim -coverage -l halt_mode.log -c test_bench -voptargs="+cover=bcesft" -assertdebug -do "coverage save -onexit halt_mode.ucdb; log -r /*;run -all" 
# Start time: 23:59:23 on Dec 13,2025
# ** Note: (vsim-3813) Design is being optimized due to module recompilation...
# //  Questa Intel Starter FPGA Edition-64
# //  Version 2024.3 linux_x86_64 Sep 10 2024
# //
# // Unpublished work. Copyright 2024 Siemens
# //
# // This material contains trade secrets or otherwise confidential information
# // owned by Siemens Industry Software Inc. or its affiliates (collectively,
# // "SISW"), or its licensors. Access to and use of this information is strictly
# // limited as set forth in the Customer's applicable agreements with SISW.
# //
# // This material may not be copied, distributed, or otherwise disclosed outside
# // of the Customer's facilities without the express written permission of SISW,
# // and may not be used in any way not expressly authorized by SISW.
# //
# Loading work.test_bench(fast)
# coverage save -onexit halt_mode.ucdb
#  log -r /*
# run -all
# ==========================================================
# TESTCASE: CHECK HALT MODE
# ==========================================================
# ----------------------------------------------------------
# TIME: 326, [INFO] Read data at addr: 12'h004, data: 32'h00000000
# ----------------------------------------------------------
# ----------------------------------------------------------
# [32mTime: 326, PASS data correct | Exp: 00000000, Act: 00000000[0m
# ----------------------------------------------------------
# ----------------------------------------------------------
# TIME: 326, [INFO] Write data at addr: 12'h000, data: 32'h00000001, pstrb: 4'b0001
# ----------------------------------------------------------
# ----------------------------------------------------------
# TIME: 5525, [INFO] Write data at addr: 12'h01c, data: 32'h00000001, pstrb: 4'b0001
# ----------------------------------------------------------
# ----------------------------------------------------------
# TIME: 5926, [INFO] Read data at addr: 12'h01c, data: 32'h00000001
# ----------------------------------------------------------
# ----------------------------------------------------------
# [32mTime: 5926, PASS data correct | Exp: 00000001, Act: 00000001[0m
# ----------------------------------------------------------
# ----------------------------------------------------------
# TIME: 6126, [INFO] Read data at addr: 12'h004, data: 32'h0000006f
# ----------------------------------------------------------
# ----------------------------------------------------------
# TIME: 11326, [INFO] Read data at addr: 12'h004, data: 32'h000000d7
# ----------------------------------------------------------
# ----------------------------------------------------------
# [32mTIME: 11326, PASS | Counter countinue count when not in debug mode | data: 000000d7, predata: 0000006f[0m
# ----------------------------------------------------------
# ----------------------------------------------------------
# TIME: 11326, [INFO] Write data at addr: 12'h01c, data: 32'h00000000, pstrb: 4'b0001
# ----------------------------------------------------------
# ----------------------------------------------------------
# TIME: 11726, [INFO] Read data at addr: 12'h01c, data: 32'h00000000
# ----------------------------------------------------------
# ----------------------------------------------------------
# [32mTime: 11726, PASS data correct | Exp: 00000000, Act: 00000000[0m
# ----------------------------------------------------------
# ----------------------------------------------------------
# TIME: 16926, [INFO] Read data at addr: 12'h004, data: 32'h00000147
# ----------------------------------------------------------
# ----------------------------------------------------------
# [32mTIME: 16926, PASS | Counter count up after debug mode | count value = 147[0m
# ----------------------------------------------------------
# ----------------------------------------------------------
# TIME: 16926, [INFO] Write data at addr: 12'h000, data: 32'h00000000, pstrb: 4'b0001
# ----------------------------------------------------------
# ----------------------------------------------------------
# TIME: 17326, [INFO] Read data at addr: 12'h000, data: 32'h00000100
# ----------------------------------------------------------
# ----------------------------------------------------------
# [32mTime: 17326, PASS data correct | Exp: 00000100, Act: 00000100[0m
# ----------------------------------------------------------
# ----------------------------------------------------------
# TIME: 17526, [INFO] Read data at addr: 12'h004, data: 32'h00000000
# ----------------------------------------------------------
# ----------------------------------------------------------
# [32mTime: 17526, PASS data correct | Exp: 00000000, Act: 00000000[0m
# ----------------------------------------------------------
# ----------------------------------------------------------
# TIME: 17526, [INFO] Write data at addr: 12'h000, data: 32'h00000001, pstrb: 4'b0001
# ----------------------------------------------------------
# ----------------------------------------------------------
# TIME: 22725, [INFO] Write data at addr: 12'h01c, data: 32'h00000001, pstrb: 4'b0001
# ----------------------------------------------------------
# ----------------------------------------------------------
# TIME: 23126, [INFO] Read data at addr: 12'h01c, data: 32'h00000003
# ----------------------------------------------------------
# ----------------------------------------------------------
# [32mTime: 23126, PASS data correct | Exp: 00000003, Act: 00000003[0m
# ----------------------------------------------------------
# ----------------------------------------------------------
# TIME: 23326, [INFO] Read data at addr: 12'h004, data: 32'h00000068
# ----------------------------------------------------------
# ----------------------------------------------------------
# TIME: 28526, [INFO] Read data at addr: 12'h004, data: 32'h00000068
# ----------------------------------------------------------
# ----------------------------------------------------------
# [32mTIME: 28526, PASS | Timer halt in debug mode | data: 00000068, predata: 00000068[0m
# ----------------------------------------------------------
# ----------------------------------------------------------
# TIME: 28526, [INFO] Write data at addr: 12'h01c, data: 32'h00000000, pstrb: 4'b0001
# ----------------------------------------------------------
# ----------------------------------------------------------
# TIME: 28926, [INFO] Read data at addr: 12'h01c, data: 32'h00000000
# ----------------------------------------------------------
# ----------------------------------------------------------
# [32mTime: 28926, PASS data correct | Exp: 00000000, Act: 00000000[0m
# ----------------------------------------------------------
# ----------------------------------------------------------
# TIME: 34126, [INFO] Read data at addr: 12'h004, data: 32'h000000d3
# ----------------------------------------------------------
# ----------------------------------------------------------
# [32mTIME: 34126, PASS | Counter count up after debug mode | count value = d3[0m
# ----------------------------------------------------------
# PASS TESTCASE
# ** Note: $finish    : ../tb/test_bench.v(94)
#    Time: 34226 ns  Iteration: 0  Instance: /test_bench
# Saving coverage database on exit...
# End time: 23:59:24 on Dec 13,2025, Elapsed time: 0:00:01
# Errors: 0, Warnings: 0
