# vsim -coverage -l rw1c.log -c test_bench -voptargs="+cover=bcesft" -assertdebug -do "coverage save -onexit rw1c.ucdb; log -r /*;run -all" 
# Start time: 23:59:42 on Dec 13,2025
# ** Note: (vsim-3813) Design is being optimized due to module recompilation...
# //  Questa Intel Starter FPGA Edition-64
# //  Version 2024.3 linux_x86_64 Sep 10 2024
# //
# // Unpublished work. Copyright 2024 Siemens
# //
# // This material contains trade secrets or otherwise confidential information
# // owned by Siemens Industry Software Inc. or its affiliates (collectively,
# // "SISW"), or its licensors. Access to and use of this information is strictly
# // limited as set forth in the Customer's applicable agreements with SISW.
# //
# // This material may not be copied, distributed, or otherwise disclosed outside
# // of the Customer's facilities without the express written permission of SISW,
# // and may not be used in any way not expressly authorized by SISW.
# //
# Loading work.test_bench(fast)
# coverage save -onexit rw1c.ucdb
#  log -r /*
# run -all
# ====================================================
# TESTCASE: CHECK WRITE 1 TO CLEAR INTERRUPT TISR
# ====================================================
# ----------------------------------------------------------
# TIME: 160, [INFO] Write data at addr: 12'h010, data: 32'h00000000, pstrb: 4'b1111
# ----------------------------------------------------------
# ----------------------------------------------------------
# TIME: 526, [INFO] Read data at addr: 12'h010, data: 32'h00000000
# ----------------------------------------------------------
# ----------------------------------------------------------
# [32mTime: 526, PASS data correct | Exp: 00000000, Act: 00000000[0m
# ----------------------------------------------------------
# ----------------------------------------------------------
# TIME: 526, [INFO] Write data at addr: 12'h004, data: 32'hffffff00, pstrb: 4'b1111
# ----------------------------------------------------------
# ----------------------------------------------------------
# TIME: 926, [INFO] Read data at addr: 12'h004, data: 32'hffffff00
# ----------------------------------------------------------
# ----------------------------------------------------------
# [32mTime: 926, PASS data correct | Exp: ffffff00, Act: ffffff00[0m
# ----------------------------------------------------------
# ----------------------------------------------------------
# TIME: 926, [INFO] Write data at addr: 12'h014, data: 32'h00000001, pstrb: 4'b0001
# ----------------------------------------------------------
# ----------------------------------------------------------
# TIME: 1326, [INFO] Read data at addr: 12'h014, data: 32'h00000001
# ----------------------------------------------------------
# ----------------------------------------------------------
# [32mTime: 1326, PASS data correct | Exp: 00000001, Act: 00000001[0m
# ----------------------------------------------------------
# ----------------------------------------------------------
# TIME: 1326, [INFO] Write data at addr: 12'h000, data: 32'h00000001, pstrb: 4'b0001
# ----------------------------------------------------------
# ----------------------------------------------------------
# TIME: 1726, [INFO] Read data at addr: 12'h000, data: 32'h00000101
# ----------------------------------------------------------
# ----------------------------------------------------------
# [32mTime: 1726, PASS data correct | Exp: 00000101, Act: 00000101[0m
# ----------------------------------------------------------
# ----------------------------------------------------------
# TIME: 6926, [INFO] Read data at addr: 12'h018, data: 32'h00000000
# ----------------------------------------------------------
# ----------------------------------------------------
# [32mTIME: 6926, PASS | Interrupt is not asserted when Count < TCMP[0m
# ----------------------------------------------------
# ----------------------------------------------------------
# TIME: 16926, [INFO] Read data at addr: 12'h018, data: 32'h00000001
# ----------------------------------------------------------
# ----------------------------------------------------
# [32mTIME: 16926, PASS | Interrupt is asserted properly[0m
# ----------------------------------------------------
# ----------------------------------------------------------
# TIME: 16926, [INFO] Write data at addr: 12'h018, data: 32'h00000001, pstrb: 4'b0001
# ----------------------------------------------------------
# ----------------------------------------------------------
# TIME: 17326, [INFO] Read data at addr: 12'h018, data: 32'h00000000
# ----------------------------------------------------------
# ----------------------------------------------------------
# [32mTime: 17326, PASS data correct | Exp: 00000000, Act: 00000000[0m
# ----------------------------------------------------------
# PASS TESTCASE
# ** Note: $finish    : ../tb/test_bench.v(94)
#    Time: 17426 ns  Iteration: 0  Instance: /test_bench
# Saving coverage database on exit...
# End time: 23:59:43 on Dec 13,2025, Elapsed time: 0:00:01
# Errors: 0, Warnings: 0
