# vsim -coverage -l rw_check.log -c test_bench -voptargs="+cover=bcesft" -assertdebug -do "coverage save -onexit rw_check.ucdb; log -r /*;run -all" 
# Start time: 23:59:27 on Dec 13,2025
# ** Note: (vsim-3813) Design is being optimized due to module recompilation...
# //  Questa Intel Starter FPGA Edition-64
# //  Version 2024.3 linux_x86_64 Sep 10 2024
# //
# // Unpublished work. Copyright 2024 Siemens
# //
# // This material contains trade secrets or otherwise confidential information
# // owned by Siemens Industry Software Inc. or its affiliates (collectively,
# // "SISW"), or its licensors. Access to and use of this information is strictly
# // limited as set forth in the Customer's applicable agreements with SISW.
# //
# // This material may not be copied, distributed, or otherwise disclosed outside
# // of the Customer's facilities without the express written permission of SISW,
# // and may not be used in any way not expressly authorized by SISW.
# //
# Loading work.test_bench(fast)
# coverage save -onexit rw_check.ucdb
#  log -r /*
# run -all
# ==================================================
# TESTCASE: TEST READ/WRITE ACCESS
# ==================================================
# ----------------------------------------------------------
# TIME: 160, [INFO] Write data at addr: 12'h000, data: 32'hfffff8ff, pstrb: 4'b1111
# ----------------------------------------------------------
# ----------------------------------------------------------
# TIME: 526, [INFO] Read data at addr: 12'h000, data: 32'h00000803
# ----------------------------------------------------------
# ----------------------------------------------------------
# [32mTime: 526, PASS data correct | Exp: 00000803, Act: 00000803[0m
# ----------------------------------------------------------
# ----------------------------------------------------------
# TIME: 526, [INFO] Write data at addr: 12'h000, data: 32'h00000000, pstrb: 4'b0001
# ----------------------------------------------------------
# ----------------------------------------------------------
# TIME: 926, [INFO] Read data at addr: 12'h000, data: 32'h00000803
# ----------------------------------------------------------
# ----------------------------------------------------------
# [31mTime: 926, FAIL data incorect | Exp: 00000802, Act: 00000803[0m
# ----------------------------------------------------------
# ----------------------------------------------------------
# TIME: 926, [INFO] Write data at addr: 12'h000, data: 32'h00000000, pstrb: 4'b1111
# ----------------------------------------------------------
# ----------------------------------------------------------
# TIME: 1326, [INFO] Read data at addr: 12'h000, data: 32'h00000803
# ----------------------------------------------------------
# ----------------------------------------------------------
# [31mTime: 1326, FAIL data incorect | Exp: 00000000, Act: 00000803[0m
# ----------------------------------------------------------
# ----------------------------------------------------------
# TIME: 1326, [INFO] Write data at addr: 12'h018, data: 32'hffffffff, pstrb: 4'b1111
# ----------------------------------------------------------
# ----------------------------------------------------------
# TIME: 1726, [INFO] Read data at addr: 12'h018, data: 32'h00000000
# ----------------------------------------------------------
# ----------------------------------------------------------
# [32mTime: 1726, PASS data correct | Exp: 00000000, Act: 00000000[0m
# ----------------------------------------------------------
# ----------------------------------------------------------
# TIME: 1726, [INFO] Write data at addr: 12'h004, data: 32'hffffffff, pstrb: 4'b1111
# ----------------------------------------------------------
# ----------------------------------------------------------
# TIME: 2126, [INFO] Read data at addr: 12'h004, data: 32'hffffffff
# ----------------------------------------------------------
# ----------------------------------------------------------
# [32mTime: 2126, PASS data correct | Exp: ffffffff, Act: ffffffff[0m
# ----------------------------------------------------------
# ----------------------------------------------------------
# TIME: 2126, [INFO] Write data at addr: 12'h008, data: 32'hffffffff, pstrb: 4'b1111
# ----------------------------------------------------------
# ----------------------------------------------------------
# TIME: 2526, [INFO] Read data at addr: 12'h008, data: 32'hffffffff
# ----------------------------------------------------------
# ----------------------------------------------------------
# [32mTime: 2526, PASS data correct | Exp: ffffffff, Act: ffffffff[0m
# ----------------------------------------------------------
# ----------------------------------------------------------
# TIME: 2526, [INFO] Write data at addr: 12'h00c, data: 32'hffffffff, pstrb: 4'b1111
# ----------------------------------------------------------
# ----------------------------------------------------------
# TIME: 2926, [INFO] Read data at addr: 12'h00c, data: 32'hffffffff
# ----------------------------------------------------------
# ----------------------------------------------------------
# [32mTime: 2926, PASS data correct | Exp: ffffffff, Act: ffffffff[0m
# ----------------------------------------------------------
# ----------------------------------------------------------
# TIME: 2926, [INFO] Write data at addr: 12'h010, data: 32'hffffffff, pstrb: 4'b1111
# ----------------------------------------------------------
# ----------------------------------------------------------
# TIME: 3326, [INFO] Read data at addr: 12'h010, data: 32'hffffffff
# ----------------------------------------------------------
# ----------------------------------------------------------
# [32mTime: 3326, PASS data correct | Exp: ffffffff, Act: ffffffff[0m
# ----------------------------------------------------------
# ----------------------------------------------------------
# TIME: 3326, [INFO] Write data at addr: 12'h014, data: 32'hffffffff, pstrb: 4'b1111
# ----------------------------------------------------------
# ----------------------------------------------------------
# TIME: 3726, [INFO] Read data at addr: 12'h014, data: 32'h00000001
# ----------------------------------------------------------
# ----------------------------------------------------------
# [32mTime: 3726, PASS data correct | Exp: 00000001, Act: 00000001[0m
# ----------------------------------------------------------
# ----------------------------------------------------------
# TIME: 3726, [INFO] Write data at addr: 12'h01c, data: 32'hffffffff, pstrb: 4'b1111
# ----------------------------------------------------------
# ----------------------------------------------------------
# TIME: 4126, [INFO] Read data at addr: 12'h01c, data: 32'h00000001
# ----------------------------------------------------------
# ----------------------------------------------------------
# [32mTime: 4126, PASS data correct | Exp: 00000001, Act: 00000001[0m
# ----------------------------------------------------------
# ----------------------------------------------------------
# TIME: 4126, [INFO] Write data at addr: 12'h00c, data: 32'h00000000, pstrb: 4'b1111
# ----------------------------------------------------------
# ----------------------------------------------------------
# TIME: 4526, [INFO] Read data at addr: 12'h00c, data: 32'h00000000
# ----------------------------------------------------------
# ----------------------------------------------------------
# [32mTime: 4526, PASS data correct | Exp: 00000000, Act: 00000000[0m
# ----------------------------------------------------------
# ----------------------------------------------------------
# TIME: 4526, [INFO] Write data at addr: 12'h010, data: 32'h00000000, pstrb: 4'b1111
# ----------------------------------------------------------
# ----------------------------------------------------------
# TIME: 4926, [INFO] Read data at addr: 12'h010, data: 32'h00000000
# ----------------------------------------------------------
# ----------------------------------------------------------
# [32mTime: 4926, PASS data correct | Exp: 00000000, Act: 00000000[0m
# ----------------------------------------------------------
# ----------------------------------------------------------
# TIME: 4926, [INFO] Write data at addr: 12'h004, data: 32'h12153524, pstrb: 4'b1111
# ----------------------------------------------------------
# ----------------------------------------------------------
# TIME: 5326, [INFO] Read data at addr: 12'h004, data: 32'h12153524
# ----------------------------------------------------------
# ----------------------------------------------------------
# [32mTime: 5326, PASS data correct | Exp: 12153524, Act: 12153524[0m
# ----------------------------------------------------------
# ----------------------------------------------------------
# TIME: 5326, [INFO] Write data at addr: 12'h004, data: 32'hc0895e81, pstrb: 4'b1111
# ----------------------------------------------------------
# ----------------------------------------------------------
# TIME: 5726, [INFO] Read data at addr: 12'h004, data: 32'hc0895e81
# ----------------------------------------------------------
# ----------------------------------------------------------
# [32mTime: 5726, PASS data correct | Exp: c0895e81, Act: c0895e81[0m
# ----------------------------------------------------------
# ----------------------------------------------------------
# TIME: 5726, [INFO] Write data at addr: 12'h004, data: 32'h8484d609, pstrb: 4'b1111
# ----------------------------------------------------------
# ----------------------------------------------------------
# TIME: 6126, [INFO] Read data at addr: 12'h004, data: 32'h8484d609
# ----------------------------------------------------------
# ----------------------------------------------------------
# [32mTime: 6126, PASS data correct | Exp: 8484d609, Act: 8484d609[0m
# ----------------------------------------------------------
# ----------------------------------------------------------
# TIME: 6126, [INFO] Write data at addr: 12'h004, data: 32'hb1f05663, pstrb: 4'b1111
# ----------------------------------------------------------
# ----------------------------------------------------------
# TIME: 6526, [INFO] Read data at addr: 12'h004, data: 32'hb1f05663
# ----------------------------------------------------------
# ----------------------------------------------------------
# [32mTime: 6526, PASS data correct | Exp: b1f05663, Act: b1f05663[0m
# ----------------------------------------------------------
# ----------------------------------------------------------
# TIME: 6526, [INFO] Write data at addr: 12'h004, data: 32'h06b97b0d, pstrb: 4'b1111
# ----------------------------------------------------------
# ----------------------------------------------------------
# TIME: 6926, [INFO] Read data at addr: 12'h004, data: 32'h06b97b0d
# ----------------------------------------------------------
# ----------------------------------------------------------
# [32mTime: 6926, PASS data correct | Exp: 06b97b0d, Act: 06b97b0d[0m
# ----------------------------------------------------------
# ----------------------------------------------------------
# TIME: 6926, [INFO] Write data at addr: 12'h004, data: 32'h46df998d, pstrb: 4'b1111
# ----------------------------------------------------------
# ----------------------------------------------------------
# TIME: 7326, [INFO] Read data at addr: 12'h004, data: 32'h46df998d
# ----------------------------------------------------------
# ----------------------------------------------------------
# [32mTime: 7326, PASS data correct | Exp: 46df998d, Act: 46df998d[0m
# ----------------------------------------------------------
# ----------------------------------------------------------
# TIME: 7326, [INFO] Write data at addr: 12'h004, data: 32'hb2c28465, pstrb: 4'b1111
# ----------------------------------------------------------
# ----------------------------------------------------------
# TIME: 7726, [INFO] Read data at addr: 12'h004, data: 32'hb2c28465
# ----------------------------------------------------------
# ----------------------------------------------------------
# [32mTime: 7726, PASS data correct | Exp: b2c28465, Act: b2c28465[0m
# ----------------------------------------------------------
# ----------------------------------------------------------
# TIME: 7726, [INFO] Write data at addr: 12'h004, data: 32'h89375212, pstrb: 4'b1111
# ----------------------------------------------------------
# ----------------------------------------------------------
# TIME: 8126, [INFO] Read data at addr: 12'h004, data: 32'h89375212
# ----------------------------------------------------------
# ----------------------------------------------------------
# [32mTime: 8126, PASS data correct | Exp: 89375212, Act: 89375212[0m
# ----------------------------------------------------------
# ----------------------------------------------------------
# TIME: 8126, [INFO] Write data at addr: 12'h004, data: 32'h00f3e301, pstrb: 4'b1111
# ----------------------------------------------------------
# ----------------------------------------------------------
# TIME: 8526, [INFO] Read data at addr: 12'h004, data: 32'h00f3e301
# ----------------------------------------------------------
# ----------------------------------------------------------
# [32mTime: 8526, PASS data correct | Exp: 00f3e301, Act: 00f3e301[0m
# ----------------------------------------------------------
# ----------------------------------------------------------
# TIME: 8526, [INFO] Write data at addr: 12'h004, data: 32'h06d7cd0d, pstrb: 4'b1111
# ----------------------------------------------------------
# ----------------------------------------------------------
# TIME: 8926, [INFO] Read data at addr: 12'h004, data: 32'h06d7cd0d
# ----------------------------------------------------------
# ----------------------------------------------------------
# [32mTime: 8926, PASS data correct | Exp: 06d7cd0d, Act: 06d7cd0d[0m
# ----------------------------------------------------------
# ----------------------------------------------------------
# TIME: 8926, [INFO] Write data at addr: 12'h004, data: 32'h3b23f176, pstrb: 4'b1111
# ----------------------------------------------------------
# ----------------------------------------------------------
# TIME: 9326, [INFO] Read data at addr: 12'h004, data: 32'h3b23f176
# ----------------------------------------------------------
# ----------------------------------------------------------
# [32mTime: 9326, PASS data correct | Exp: 3b23f176, Act: 3b23f176[0m
# ----------------------------------------------------------
# ----------------------------------------------------------
# TIME: 9326, [INFO] Write data at addr: 12'h004, data: 32'h1e8dcd3d, pstrb: 4'b1111
# ----------------------------------------------------------
# ----------------------------------------------------------
# TIME: 9726, [INFO] Read data at addr: 12'h004, data: 32'h1e8dcd3d
# ----------------------------------------------------------
# ----------------------------------------------------------
# [32mTime: 9726, PASS data correct | Exp: 1e8dcd3d, Act: 1e8dcd3d[0m
# ----------------------------------------------------------
# ----------------------------------------------------------
# TIME: 9726, [INFO] Write data at addr: 12'h004, data: 32'h76d457ed, pstrb: 4'b1111
# ----------------------------------------------------------
# ----------------------------------------------------------
# TIME: 10126, [INFO] Read data at addr: 12'h004, data: 32'h76d457ed
# ----------------------------------------------------------
# ----------------------------------------------------------
# [32mTime: 10126, PASS data correct | Exp: 76d457ed, Act: 76d457ed[0m
# ----------------------------------------------------------
# ----------------------------------------------------------
# TIME: 10126, [INFO] Write data at addr: 12'h004, data: 32'h462df78c, pstrb: 4'b1111
# ----------------------------------------------------------
# ----------------------------------------------------------
# TIME: 10526, [INFO] Read data at addr: 12'h004, data: 32'h462df78c
# ----------------------------------------------------------
# ----------------------------------------------------------
# [32mTime: 10526, PASS data correct | Exp: 462df78c, Act: 462df78c[0m
# ----------------------------------------------------------
# ----------------------------------------------------------
# TIME: 10526, [INFO] Write data at addr: 12'h004, data: 32'h7cfde9f9, pstrb: 4'b1111
# ----------------------------------------------------------
# ----------------------------------------------------------
# TIME: 10926, [INFO] Read data at addr: 12'h004, data: 32'h7cfde9f9
# ----------------------------------------------------------
# ----------------------------------------------------------
# [32mTime: 10926, PASS data correct | Exp: 7cfde9f9, Act: 7cfde9f9[0m
# ----------------------------------------------------------
# ----------------------------------------------------------
# TIME: 10926, [INFO] Write data at addr: 12'h004, data: 32'he33724c6, pstrb: 4'b1111
# ----------------------------------------------------------
# ----------------------------------------------------------
# TIME: 11326, [INFO] Read data at addr: 12'h004, data: 32'he33724c6
# ----------------------------------------------------------
# ----------------------------------------------------------
# [32mTime: 11326, PASS data correct | Exp: e33724c6, Act: e33724c6[0m
# ----------------------------------------------------------
# ----------------------------------------------------------
# TIME: 11326, [INFO] Write data at addr: 12'h004, data: 32'he2f784c5, pstrb: 4'b1111
# ----------------------------------------------------------
# ----------------------------------------------------------
# TIME: 11726, [INFO] Read data at addr: 12'h004, data: 32'he2f784c5
# ----------------------------------------------------------
# ----------------------------------------------------------
# [32mTime: 11726, PASS data correct | Exp: e2f784c5, Act: e2f784c5[0m
# ----------------------------------------------------------
# ----------------------------------------------------------
# TIME: 11726, [INFO] Write data at addr: 12'h004, data: 32'hd513d2aa, pstrb: 4'b1111
# ----------------------------------------------------------
# ----------------------------------------------------------
# TIME: 12126, [INFO] Read data at addr: 12'h004, data: 32'hd513d2aa
# ----------------------------------------------------------
# ----------------------------------------------------------
# [32mTime: 12126, PASS data correct | Exp: d513d2aa, Act: d513d2aa[0m
# ----------------------------------------------------------
# ----------------------------------------------------------
# TIME: 12126, [INFO] Write data at addr: 12'h004, data: 32'h72aff7e5, pstrb: 4'b1111
# ----------------------------------------------------------
# ----------------------------------------------------------
# TIME: 12526, [INFO] Read data at addr: 12'h004, data: 32'h72aff7e5
# ----------------------------------------------------------
# ----------------------------------------------------------
# [32mTime: 12526, PASS data correct | Exp: 72aff7e5, Act: 72aff7e5[0m
# ----------------------------------------------------------
# ----------------------------------------------------------
# TIME: 12526, [INFO] Write data at addr: 12'h004, data: 32'hbbd27277, pstrb: 4'b1111
# ----------------------------------------------------------
# ----------------------------------------------------------
# TIME: 12926, [INFO] Read data at addr: 12'h004, data: 32'hbbd27277
# ----------------------------------------------------------
# ----------------------------------------------------------
# [32mTime: 12926, PASS data correct | Exp: bbd27277, Act: bbd27277[0m
# ----------------------------------------------------------
# ----------------------------------------------------------
# TIME: 12926, [INFO] Write data at addr: 12'h008, data: 32'h8932d612, pstrb: 4'b1111
# ----------------------------------------------------------
# ----------------------------------------------------------
# TIME: 13326, [INFO] Read data at addr: 12'h008, data: 32'h8932d612
# ----------------------------------------------------------
# ----------------------------------------------------------
# [32mTime: 13326, PASS data correct | Exp: 8932d612, Act: 8932d612[0m
# ----------------------------------------------------------
# ----------------------------------------------------------
# TIME: 13326, [INFO] Write data at addr: 12'h008, data: 32'h47ecdb8f, pstrb: 4'b1111
# ----------------------------------------------------------
# ----------------------------------------------------------
# TIME: 13726, [INFO] Read data at addr: 12'h008, data: 32'h47ecdb8f
# ----------------------------------------------------------
# ----------------------------------------------------------
# [32mTime: 13726, PASS data correct | Exp: 47ecdb8f, Act: 47ecdb8f[0m
# ----------------------------------------------------------
# ----------------------------------------------------------
# TIME: 13726, [INFO] Write data at addr: 12'h008, data: 32'h793069f2, pstrb: 4'b1111
# ----------------------------------------------------------
# ----------------------------------------------------------
# TIME: 14126, [INFO] Read data at addr: 12'h008, data: 32'h793069f2
# ----------------------------------------------------------
# ----------------------------------------------------------
# [32mTime: 14126, PASS data correct | Exp: 793069f2, Act: 793069f2[0m
# ----------------------------------------------------------
# ----------------------------------------------------------
# TIME: 14126, [INFO] Write data at addr: 12'h008, data: 32'he77696ce, pstrb: 4'b1111
# ----------------------------------------------------------
# ----------------------------------------------------------
# TIME: 14526, [INFO] Read data at addr: 12'h008, data: 32'he77696ce
# ----------------------------------------------------------
# ----------------------------------------------------------
# [32mTime: 14526, PASS data correct | Exp: e77696ce, Act: e77696ce[0m
# ----------------------------------------------------------
# ----------------------------------------------------------
# TIME: 14526, [INFO] Write data at addr: 12'h008, data: 32'hf4007ae8, pstrb: 4'b1111
# ----------------------------------------------------------
# ----------------------------------------------------------
# TIME: 14926, [INFO] Read data at addr: 12'h008, data: 32'hf4007ae8
# ----------------------------------------------------------
# ----------------------------------------------------------
# [32mTime: 14926, PASS data correct | Exp: f4007ae8, Act: f4007ae8[0m
# ----------------------------------------------------------
# ----------------------------------------------------------
# TIME: 14926, [INFO] Write data at addr: 12'h008, data: 32'he2ca4ec5, pstrb: 4'b1111
# ----------------------------------------------------------
# ----------------------------------------------------------
# TIME: 15326, [INFO] Read data at addr: 12'h008, data: 32'he2ca4ec5
# ----------------------------------------------------------
# ----------------------------------------------------------
# [32mTime: 15326, PASS data correct | Exp: e2ca4ec5, Act: e2ca4ec5[0m
# ----------------------------------------------------------
# ----------------------------------------------------------
# TIME: 15326, [INFO] Write data at addr: 12'h008, data: 32'h2e58495c, pstrb: 4'b1111
# ----------------------------------------------------------
# ----------------------------------------------------------
# TIME: 15726, [INFO] Read data at addr: 12'h008, data: 32'h2e58495c
# ----------------------------------------------------------
# ----------------------------------------------------------
# [32mTime: 15726, PASS data correct | Exp: 2e58495c, Act: 2e58495c[0m
# ----------------------------------------------------------
# ----------------------------------------------------------
# TIME: 15726, [INFO] Write data at addr: 12'h008, data: 32'hde8e28bd, pstrb: 4'b1111
# ----------------------------------------------------------
# ----------------------------------------------------------
# TIME: 16126, [INFO] Read data at addr: 12'h008, data: 32'hde8e28bd
# ----------------------------------------------------------
# ----------------------------------------------------------
# [32mTime: 16126, PASS data correct | Exp: de8e28bd, Act: de8e28bd[0m
# ----------------------------------------------------------
# ----------------------------------------------------------
# TIME: 16126, [INFO] Write data at addr: 12'h008, data: 32'h96ab582d, pstrb: 4'b1111
# ----------------------------------------------------------
# ----------------------------------------------------------
# TIME: 16526, [INFO] Read data at addr: 12'h008, data: 32'h96ab582d
# ----------------------------------------------------------
# ----------------------------------------------------------
# [32mTime: 16526, PASS data correct | Exp: 96ab582d, Act: 96ab582d[0m
# ----------------------------------------------------------
# ----------------------------------------------------------
# TIME: 16526, [INFO] Write data at addr: 12'h008, data: 32'hb2a72665, pstrb: 4'b1111
# ----------------------------------------------------------
# ----------------------------------------------------------
# TIME: 16926, [INFO] Read data at addr: 12'h008, data: 32'hb2a72665
# ----------------------------------------------------------
# ----------------------------------------------------------
# [32mTime: 16926, PASS data correct | Exp: b2a72665, Act: b2a72665[0m
# ----------------------------------------------------------
# ----------------------------------------------------------
# TIME: 16926, [INFO] Write data at addr: 12'h008, data: 32'hb1ef6263, pstrb: 4'b1111
# ----------------------------------------------------------
# ----------------------------------------------------------
# TIME: 17326, [INFO] Read data at addr: 12'h008, data: 32'hb1ef6263
# ----------------------------------------------------------
# ----------------------------------------------------------
# [32mTime: 17326, PASS data correct | Exp: b1ef6263, Act: b1ef6263[0m
# ----------------------------------------------------------
# ----------------------------------------------------------
# TIME: 17326, [INFO] Write data at addr: 12'h008, data: 32'h0573870a, pstrb: 4'b1111
# ----------------------------------------------------------
# ----------------------------------------------------------
# TIME: 17726, [INFO] Read data at addr: 12'h008, data: 32'h0573870a
# ----------------------------------------------------------
# ----------------------------------------------------------
# [32mTime: 17726, PASS data correct | Exp: 0573870a, Act: 0573870a[0m
# ----------------------------------------------------------
# ----------------------------------------------------------
# TIME: 17726, [INFO] Write data at addr: 12'h008, data: 32'hc03b2280, pstrb: 4'b1111
# ----------------------------------------------------------
# ----------------------------------------------------------
# TIME: 18126, [INFO] Read data at addr: 12'h008, data: 32'hc03b2280
# ----------------------------------------------------------
# ----------------------------------------------------------
# [32mTime: 18126, PASS data correct | Exp: c03b2280, Act: c03b2280[0m
# ----------------------------------------------------------
# ----------------------------------------------------------
# TIME: 18126, [INFO] Write data at addr: 12'h008, data: 32'h10642120, pstrb: 4'b1111
# ----------------------------------------------------------
# ----------------------------------------------------------
# TIME: 18526, [INFO] Read data at addr: 12'h008, data: 32'h10642120
# ----------------------------------------------------------
# ----------------------------------------------------------
# [32mTime: 18526, PASS data correct | Exp: 10642120, Act: 10642120[0m
# ----------------------------------------------------------
# ----------------------------------------------------------
# TIME: 18526, [INFO] Write data at addr: 12'h008, data: 32'h557845aa, pstrb: 4'b1111
# ----------------------------------------------------------
# ----------------------------------------------------------
# TIME: 18926, [INFO] Read data at addr: 12'h008, data: 32'h557845aa
# ----------------------------------------------------------
# ----------------------------------------------------------
# [32mTime: 18926, PASS data correct | Exp: 557845aa, Act: 557845aa[0m
# ----------------------------------------------------------
# ----------------------------------------------------------
# TIME: 18926, [INFO] Write data at addr: 12'h008, data: 32'hcecccc9d, pstrb: 4'b1111
# ----------------------------------------------------------
# ----------------------------------------------------------
# TIME: 19326, [INFO] Read data at addr: 12'h008, data: 32'hcecccc9d
# ----------------------------------------------------------
# ----------------------------------------------------------
# [32mTime: 19326, PASS data correct | Exp: cecccc9d, Act: cecccc9d[0m
# ----------------------------------------------------------
# ----------------------------------------------------------
# TIME: 19326, [INFO] Write data at addr: 12'h008, data: 32'hcb203e96, pstrb: 4'b1111
# ----------------------------------------------------------
# ----------------------------------------------------------
# TIME: 19726, [INFO] Read data at addr: 12'h008, data: 32'hcb203e96
# ----------------------------------------------------------
# ----------------------------------------------------------
# [32mTime: 19726, PASS data correct | Exp: cb203e96, Act: cb203e96[0m
# ----------------------------------------------------------
# ----------------------------------------------------------
# TIME: 19726, [INFO] Write data at addr: 12'h008, data: 32'h8983b813, pstrb: 4'b1111
# ----------------------------------------------------------
# ----------------------------------------------------------
# TIME: 20126, [INFO] Read data at addr: 12'h008, data: 32'h8983b813
# ----------------------------------------------------------
# ----------------------------------------------------------
# [32mTime: 20126, PASS data correct | Exp: 8983b813, Act: 8983b813[0m
# ----------------------------------------------------------
# ----------------------------------------------------------
# TIME: 20126, [INFO] Write data at addr: 12'h008, data: 32'h86bc380d, pstrb: 4'b1111
# ----------------------------------------------------------
# ----------------------------------------------------------
# TIME: 20526, [INFO] Read data at addr: 12'h008, data: 32'h86bc380d
# ----------------------------------------------------------
# ----------------------------------------------------------
# [32mTime: 20526, PASS data correct | Exp: 86bc380d, Act: 86bc380d[0m
# ----------------------------------------------------------
# ----------------------------------------------------------
# TIME: 20526, [INFO] Write data at addr: 12'h008, data: 32'ha9a7d653, pstrb: 4'b1111
# ----------------------------------------------------------
# ----------------------------------------------------------
# TIME: 20926, [INFO] Read data at addr: 12'h008, data: 32'ha9a7d653
# ----------------------------------------------------------
# ----------------------------------------------------------
# [32mTime: 20926, PASS data correct | Exp: a9a7d653, Act: a9a7d653[0m
# ----------------------------------------------------------
# ----------------------------------------------------------
# TIME: 20926, [INFO] Write data at addr: 12'h00c, data: 32'h359fdd6b, pstrb: 4'b1111
# ----------------------------------------------------------
# ----------------------------------------------------------
# TIME: 21326, [INFO] Read data at addr: 12'h00c, data: 32'h359fdd6b
# ----------------------------------------------------------
# ----------------------------------------------------------
# [32mTime: 21326, PASS data correct | Exp: 359fdd6b, Act: 359fdd6b[0m
# ----------------------------------------------------------
# ----------------------------------------------------------
# TIME: 21326, [INFO] Write data at addr: 12'h00c, data: 32'heaa62ad5, pstrb: 4'b1111
# ----------------------------------------------------------
# ----------------------------------------------------------
# TIME: 21726, [INFO] Read data at addr: 12'h00c, data: 32'heaa62ad5
# ----------------------------------------------------------
# ----------------------------------------------------------
# [32mTime: 21726, PASS data correct | Exp: eaa62ad5, Act: eaa62ad5[0m
# ----------------------------------------------------------
# ----------------------------------------------------------
# TIME: 21726, [INFO] Write data at addr: 12'h00c, data: 32'h81174a02, pstrb: 4'b1111
# ----------------------------------------------------------
# ----------------------------------------------------------
# TIME: 22126, [INFO] Read data at addr: 12'h00c, data: 32'h81174a02
# ----------------------------------------------------------
# ----------------------------------------------------------
# [32mTime: 22126, PASS data correct | Exp: 81174a02, Act: 81174a02[0m
# ----------------------------------------------------------
# ----------------------------------------------------------
# TIME: 22126, [INFO] Write data at addr: 12'h00c, data: 32'hd7563eae, pstrb: 4'b1111
# ----------------------------------------------------------
# ----------------------------------------------------------
# TIME: 22526, [INFO] Read data at addr: 12'h00c, data: 32'hd7563eae
# ----------------------------------------------------------
# ----------------------------------------------------------
# [32mTime: 22526, PASS data correct | Exp: d7563eae, Act: d7563eae[0m
# ----------------------------------------------------------
# ----------------------------------------------------------
# TIME: 22526, [INFO] Write data at addr: 12'h00c, data: 32'h0effe91d, pstrb: 4'b1111
# ----------------------------------------------------------
# ----------------------------------------------------------
# TIME: 22926, [INFO] Read data at addr: 12'h00c, data: 32'h0effe91d
# ----------------------------------------------------------
# ----------------------------------------------------------
# [32mTime: 22926, PASS data correct | Exp: 0effe91d, Act: 0effe91d[0m
# ----------------------------------------------------------
# ----------------------------------------------------------
# TIME: 22926, [INFO] Write data at addr: 12'h00c, data: 32'he7c572cf, pstrb: 4'b1111
# ----------------------------------------------------------
# ----------------------------------------------------------
# TIME: 23326, [INFO] Read data at addr: 12'h00c, data: 32'he7c572cf
# ----------------------------------------------------------
# ----------------------------------------------------------
# [32mTime: 23326, PASS data correct | Exp: e7c572cf, Act: e7c572cf[0m
# ----------------------------------------------------------
# ----------------------------------------------------------
# TIME: 23326, [INFO] Write data at addr: 12'h00c, data: 32'h11844923, pstrb: 4'b1111
# ----------------------------------------------------------
# ----------------------------------------------------------
# TIME: 23726, [INFO] Read data at addr: 12'h00c, data: 32'h11844923
# ----------------------------------------------------------
# ----------------------------------------------------------
# [32mTime: 23726, PASS data correct | Exp: 11844923, Act: 11844923[0m
# ----------------------------------------------------------
# ----------------------------------------------------------
# TIME: 23726, [INFO] Write data at addr: 12'h00c, data: 32'h0509650a, pstrb: 4'b1111
# ----------------------------------------------------------
# ----------------------------------------------------------
# TIME: 24126, [INFO] Read data at addr: 12'h00c, data: 32'h0509650a
# ----------------------------------------------------------
# ----------------------------------------------------------
# [32mTime: 24126, PASS data correct | Exp: 0509650a, Act: 0509650a[0m
# ----------------------------------------------------------
# ----------------------------------------------------------
# TIME: 24126, [INFO] Write data at addr: 12'h00c, data: 32'he5730aca, pstrb: 4'b1111
# ----------------------------------------------------------
# ----------------------------------------------------------
# TIME: 24526, [INFO] Read data at addr: 12'h00c, data: 32'he5730aca
# ----------------------------------------------------------
# ----------------------------------------------------------
# [32mTime: 24526, PASS data correct | Exp: e5730aca, Act: e5730aca[0m
# ----------------------------------------------------------
# ----------------------------------------------------------
# TIME: 24526, [INFO] Write data at addr: 12'h00c, data: 32'h9e314c3c, pstrb: 4'b1111
# ----------------------------------------------------------
# ----------------------------------------------------------
# TIME: 24926, [INFO] Read data at addr: 12'h00c, data: 32'h9e314c3c
# ----------------------------------------------------------
# ----------------------------------------------------------
# [32mTime: 24926, PASS data correct | Exp: 9e314c3c, Act: 9e314c3c[0m
# ----------------------------------------------------------
# ----------------------------------------------------------
# TIME: 24926, [INFO] Write data at addr: 12'h00c, data: 32'h7968bdf2, pstrb: 4'b1111
# ----------------------------------------------------------
# ----------------------------------------------------------
# TIME: 25326, [INFO] Read data at addr: 12'h00c, data: 32'h7968bdf2
# ----------------------------------------------------------
# ----------------------------------------------------------
# [32mTime: 25326, PASS data correct | Exp: 7968bdf2, Act: 7968bdf2[0m
# ----------------------------------------------------------
# ----------------------------------------------------------
# TIME: 25326, [INFO] Write data at addr: 12'h00c, data: 32'h452e618a, pstrb: 4'b1111
# ----------------------------------------------------------
# ----------------------------------------------------------
# TIME: 25726, [INFO] Read data at addr: 12'h00c, data: 32'h452e618a
# ----------------------------------------------------------
# ----------------------------------------------------------
# [32mTime: 25726, PASS data correct | Exp: 452e618a, Act: 452e618a[0m
# ----------------------------------------------------------
# ----------------------------------------------------------
# TIME: 25726, [INFO] Write data at addr: 12'h00c, data: 32'h20c4b341, pstrb: 4'b1111
# ----------------------------------------------------------
# ----------------------------------------------------------
# TIME: 26126, [INFO] Read data at addr: 12'h00c, data: 32'h20c4b341
# ----------------------------------------------------------
# ----------------------------------------------------------
# [32mTime: 26126, PASS data correct | Exp: 20c4b341, Act: 20c4b341[0m
# ----------------------------------------------------------
# ----------------------------------------------------------
# TIME: 26126, [INFO] Write data at addr: 12'h00c, data: 32'hec4b34d8, pstrb: 4'b1111
# ----------------------------------------------------------
# ----------------------------------------------------------
# TIME: 26526, [INFO] Read data at addr: 12'h00c, data: 32'hec4b34d8
# ----------------------------------------------------------
# ----------------------------------------------------------
# [32mTime: 26526, PASS data correct | Exp: ec4b34d8, Act: ec4b34d8[0m
# ----------------------------------------------------------
# ----------------------------------------------------------
# TIME: 26526, [INFO] Write data at addr: 12'h00c, data: 32'h3c20f378, pstrb: 4'b1111
# ----------------------------------------------------------
# ----------------------------------------------------------
# TIME: 26926, [INFO] Read data at addr: 12'h00c, data: 32'h3c20f378
# ----------------------------------------------------------
# ----------------------------------------------------------
# [32mTime: 26926, PASS data correct | Exp: 3c20f378, Act: 3c20f378[0m
# ----------------------------------------------------------
# ----------------------------------------------------------
# TIME: 26926, [INFO] Write data at addr: 12'h00c, data: 32'hc48a1289, pstrb: 4'b1111
# ----------------------------------------------------------
# ----------------------------------------------------------
# TIME: 27326, [INFO] Read data at addr: 12'h00c, data: 32'hc48a1289
# ----------------------------------------------------------
# ----------------------------------------------------------
# [32mTime: 27326, PASS data correct | Exp: c48a1289, Act: c48a1289[0m
# ----------------------------------------------------------
# ----------------------------------------------------------
# TIME: 27326, [INFO] Write data at addr: 12'h00c, data: 32'h75c50deb, pstrb: 4'b1111
# ----------------------------------------------------------
# ----------------------------------------------------------
# TIME: 27726, [INFO] Read data at addr: 12'h00c, data: 32'h75c50deb
# ----------------------------------------------------------
# ----------------------------------------------------------
# [32mTime: 27726, PASS data correct | Exp: 75c50deb, Act: 75c50deb[0m
# ----------------------------------------------------------
# ----------------------------------------------------------
# TIME: 27726, [INFO] Write data at addr: 12'h00c, data: 32'h5b0265b6, pstrb: 4'b1111
# ----------------------------------------------------------
# ----------------------------------------------------------
# TIME: 28126, [INFO] Read data at addr: 12'h00c, data: 32'h5b0265b6
# ----------------------------------------------------------
# ----------------------------------------------------------
# [32mTime: 28126, PASS data correct | Exp: 5b0265b6, Act: 5b0265b6[0m
# ----------------------------------------------------------
# ----------------------------------------------------------
# TIME: 28126, [INFO] Write data at addr: 12'h00c, data: 32'h634bf9c6, pstrb: 4'b1111
# ----------------------------------------------------------
# ----------------------------------------------------------
# TIME: 28526, [INFO] Read data at addr: 12'h00c, data: 32'h634bf9c6
# ----------------------------------------------------------
# ----------------------------------------------------------
# [32mTime: 28526, PASS data correct | Exp: 634bf9c6, Act: 634bf9c6[0m
# ----------------------------------------------------------
# ----------------------------------------------------------
# TIME: 28526, [INFO] Write data at addr: 12'h00c, data: 32'h571513ae, pstrb: 4'b1111
# ----------------------------------------------------------
# ----------------------------------------------------------
# TIME: 28926, [INFO] Read data at addr: 12'h00c, data: 32'h571513ae
# ----------------------------------------------------------
# ----------------------------------------------------------
# [32mTime: 28926, PASS data correct | Exp: 571513ae, Act: 571513ae[0m
# ----------------------------------------------------------
# ----------------------------------------------------------
# TIME: 28926, [INFO] Write data at addr: 12'h010, data: 32'hde7502bc, pstrb: 4'b1111
# ----------------------------------------------------------
# ----------------------------------------------------------
# TIME: 29326, [INFO] Read data at addr: 12'h010, data: 32'hde7502bc
# ----------------------------------------------------------
# ----------------------------------------------------------
# [32mTime: 29326, PASS data correct | Exp: de7502bc, Act: de7502bc[0m
# ----------------------------------------------------------
# ----------------------------------------------------------
# TIME: 29326, [INFO] Write data at addr: 12'h010, data: 32'h150fdd2a, pstrb: 4'b1111
# ----------------------------------------------------------
# ----------------------------------------------------------
# TIME: 29726, [INFO] Read data at addr: 12'h010, data: 32'h150fdd2a
# ----------------------------------------------------------
# ----------------------------------------------------------
# [32mTime: 29726, PASS data correct | Exp: 150fdd2a, Act: 150fdd2a[0m
# ----------------------------------------------------------
# ----------------------------------------------------------
# TIME: 29726, [INFO] Write data at addr: 12'h010, data: 32'h85d79a0b, pstrb: 4'b1111
# ----------------------------------------------------------
# ----------------------------------------------------------
# TIME: 30126, [INFO] Read data at addr: 12'h010, data: 32'h85d79a0b
# ----------------------------------------------------------
# ----------------------------------------------------------
# [32mTime: 30126, PASS data correct | Exp: 85d79a0b, Act: 85d79a0b[0m
# ----------------------------------------------------------
# ----------------------------------------------------------
# TIME: 30126, [INFO] Write data at addr: 12'h010, data: 32'hb897be71, pstrb: 4'b1111
# ----------------------------------------------------------
# ----------------------------------------------------------
# TIME: 30526, [INFO] Read data at addr: 12'h010, data: 32'hb897be71
# ----------------------------------------------------------
# ----------------------------------------------------------
# [32mTime: 30526, PASS data correct | Exp: b897be71, Act: b897be71[0m
# ----------------------------------------------------------
# ----------------------------------------------------------
# TIME: 30526, [INFO] Write data at addr: 12'h010, data: 32'h42f24185, pstrb: 4'b1111
# ----------------------------------------------------------
# ----------------------------------------------------------
# TIME: 30926, [INFO] Read data at addr: 12'h010, data: 32'h42f24185
# ----------------------------------------------------------
# ----------------------------------------------------------
# [32mTime: 30926, PASS data correct | Exp: 42f24185, Act: 42f24185[0m
# ----------------------------------------------------------
# ----------------------------------------------------------
# TIME: 30926, [INFO] Write data at addr: 12'h010, data: 32'h27f2554f, pstrb: 4'b1111
# ----------------------------------------------------------
# ----------------------------------------------------------
# TIME: 31326, [INFO] Read data at addr: 12'h010, data: 32'h27f2554f
# ----------------------------------------------------------
# ----------------------------------------------------------
# [32mTime: 31326, PASS data correct | Exp: 27f2554f, Act: 27f2554f[0m
# ----------------------------------------------------------
# ----------------------------------------------------------
# TIME: 31326, [INFO] Write data at addr: 12'h010, data: 32'h9dcc603b, pstrb: 4'b1111
# ----------------------------------------------------------
# ----------------------------------------------------------
# TIME: 31726, [INFO] Read data at addr: 12'h010, data: 32'h9dcc603b
# ----------------------------------------------------------
# ----------------------------------------------------------
# [32mTime: 31726, PASS data correct | Exp: 9dcc603b, Act: 9dcc603b[0m
# ----------------------------------------------------------
# ----------------------------------------------------------
# TIME: 31726, [INFO] Write data at addr: 12'h010, data: 32'h1d06333a, pstrb: 4'b1111
# ----------------------------------------------------------
# ----------------------------------------------------------
# TIME: 32126, [INFO] Read data at addr: 12'h010, data: 32'h1d06333a
# ----------------------------------------------------------
# ----------------------------------------------------------
# [32mTime: 32126, PASS data correct | Exp: 1d06333a, Act: 1d06333a[0m
# ----------------------------------------------------------
# ----------------------------------------------------------
# TIME: 32126, [INFO] Write data at addr: 12'h010, data: 32'hbf23327e, pstrb: 4'b1111
# ----------------------------------------------------------
# ----------------------------------------------------------
# TIME: 32526, [INFO] Read data at addr: 12'h010, data: 32'hbf23327e
# ----------------------------------------------------------
# ----------------------------------------------------------
# [32mTime: 32526, PASS data correct | Exp: bf23327e, Act: bf23327e[0m
# ----------------------------------------------------------
# ----------------------------------------------------------
# TIME: 32526, [INFO] Write data at addr: 12'h010, data: 32'h0aaa4b15, pstrb: 4'b1111
# ----------------------------------------------------------
# ----------------------------------------------------------
# TIME: 32926, [INFO] Read data at addr: 12'h010, data: 32'h0aaa4b15
# ----------------------------------------------------------
# ----------------------------------------------------------
# [32mTime: 32926, PASS data correct | Exp: 0aaa4b15, Act: 0aaa4b15[0m
# ----------------------------------------------------------
# ----------------------------------------------------------
# TIME: 32926, [INFO] Write data at addr: 12'h010, data: 32'h78d99bf1, pstrb: 4'b1111
# ----------------------------------------------------------
# ----------------------------------------------------------
# TIME: 33326, [INFO] Read data at addr: 12'h010, data: 32'h78d99bf1
# ----------------------------------------------------------
# ----------------------------------------------------------
# [32mTime: 33326, PASS data correct | Exp: 78d99bf1, Act: 78d99bf1[0m
# ----------------------------------------------------------
# ----------------------------------------------------------
# TIME: 33326, [INFO] Write data at addr: 12'h010, data: 32'h6c9c4bd9, pstrb: 4'b1111
# ----------------------------------------------------------
# ----------------------------------------------------------
# TIME: 33726, [INFO] Read data at addr: 12'h010, data: 32'h6c9c4bd9
# ----------------------------------------------------------
# ----------------------------------------------------------
# [32mTime: 33726, PASS data correct | Exp: 6c9c4bd9, Act: 6c9c4bd9[0m
# ----------------------------------------------------------
# ----------------------------------------------------------
# TIME: 33726, [INFO] Write data at addr: 12'h010, data: 32'h31230762, pstrb: 4'b1111
# ----------------------------------------------------------
# ----------------------------------------------------------
# TIME: 34126, [INFO] Read data at addr: 12'h010, data: 32'h31230762
# ----------------------------------------------------------
# ----------------------------------------------------------
# [32mTime: 34126, PASS data correct | Exp: 31230762, Act: 31230762[0m
# ----------------------------------------------------------
# ----------------------------------------------------------
# TIME: 34126, [INFO] Write data at addr: 12'h010, data: 32'h2635fb4c, pstrb: 4'b1111
# ----------------------------------------------------------
# ----------------------------------------------------------
# TIME: 34526, [INFO] Read data at addr: 12'h010, data: 32'h2635fb4c
# ----------------------------------------------------------
# ----------------------------------------------------------
# [32mTime: 34526, PASS data correct | Exp: 2635fb4c, Act: 2635fb4c[0m
# ----------------------------------------------------------
# ----------------------------------------------------------
# TIME: 34526, [INFO] Write data at addr: 12'h010, data: 32'h4fa1559f, pstrb: 4'b1111
# ----------------------------------------------------------
# ----------------------------------------------------------
# TIME: 34926, [INFO] Read data at addr: 12'h010, data: 32'h4fa1559f
# ----------------------------------------------------------
# ----------------------------------------------------------
# [32mTime: 34926, PASS data correct | Exp: 4fa1559f, Act: 4fa1559f[0m
# ----------------------------------------------------------
# ----------------------------------------------------------
# TIME: 34926, [INFO] Write data at addr: 12'h010, data: 32'h47b9a18f, pstrb: 4'b1111
# ----------------------------------------------------------
# ----------------------------------------------------------
# TIME: 35326, [INFO] Read data at addr: 12'h010, data: 32'h47b9a18f
# ----------------------------------------------------------
# ----------------------------------------------------------
# [32mTime: 35326, PASS data correct | Exp: 47b9a18f, Act: 47b9a18f[0m
# ----------------------------------------------------------
# ----------------------------------------------------------
# TIME: 35326, [INFO] Write data at addr: 12'h010, data: 32'h7c6da9f8, pstrb: 4'b1111
# ----------------------------------------------------------
# ----------------------------------------------------------
# TIME: 35726, [INFO] Read data at addr: 12'h010, data: 32'h7c6da9f8
# ----------------------------------------------------------
# ----------------------------------------------------------
# [32mTime: 35726, PASS data correct | Exp: 7c6da9f8, Act: 7c6da9f8[0m
# ----------------------------------------------------------
# ----------------------------------------------------------
# TIME: 35726, [INFO] Write data at addr: 12'h010, data: 32'hdbcd60b7, pstrb: 4'b1111
# ----------------------------------------------------------
# ----------------------------------------------------------
# TIME: 36126, [INFO] Read data at addr: 12'h010, data: 32'hdbcd60b7
# ----------------------------------------------------------
# ----------------------------------------------------------
# [32mTime: 36126, PASS data correct | Exp: dbcd60b7, Act: dbcd60b7[0m
# ----------------------------------------------------------
# ----------------------------------------------------------
# TIME: 36126, [INFO] Write data at addr: 12'h010, data: 32'hcfc4569f, pstrb: 4'b1111
# ----------------------------------------------------------
# ----------------------------------------------------------
# TIME: 36526, [INFO] Read data at addr: 12'h010, data: 32'hcfc4569f
# ----------------------------------------------------------
# ----------------------------------------------------------
# [32mTime: 36526, PASS data correct | Exp: cfc4569f, Act: cfc4569f[0m
# ----------------------------------------------------------
# ----------------------------------------------------------
# TIME: 36526, [INFO] Write data at addr: 12'h010, data: 32'hae7d945c, pstrb: 4'b1111
# ----------------------------------------------------------
# ----------------------------------------------------------
# TIME: 36926, [INFO] Read data at addr: 12'h010, data: 32'hae7d945c
# ----------------------------------------------------------
# ----------------------------------------------------------
# [32mTime: 36926, PASS data correct | Exp: ae7d945c, Act: ae7d945c[0m
# ----------------------------------------------------------
# FAIL TESTCASE
# ** Note: $finish    : ../tb/test_bench.v(94)
#    Time: 37026 ns  Iteration: 0  Instance: /test_bench
# Saving coverage database on exit...
# End time: 23:59:28 on Dec 13,2025, Elapsed time: 0:00:01
# Errors: 0, Warnings: 0
